[     320ms] [ERROR] Failed to load resource: the server responded with a status of 404 (Not Found) @ http://localhost:5173/favicon.png:0
[     584ms] [INFO] Initializing AlacrittyTerminal @ http://localhost:5173/pkg/alacritty_web.js:1427
[     602ms] [INFO] Canvas2D renderer: cell=8x17, dpr=1, canvas=431x548 @ http://localhost:5173/pkg/alacritty_web.js:1427
[     603ms] [INFO] Initial grid: 53x32 @ http://localhost:5173/pkg/alacritty_web.js:1427
[     603ms] [INFO] wgpu upgrade not requested, using Canvas 2D @ http://localhost:5173/pkg/alacritty_web.js:1427
[     649ms] [ERROR] WebSocket connection to 'ws://localhost:7681/' failed: Error in connection establishment: net::ERR_CONNECTION_REFUSED @ http://localhost:5173/src/routes/compare/+page.svelte:670
[   92206ms] [LOG] [vite] server connection lost. Polling for restart... @ http://localhost:5173/@vite/client:963
[   92207ms] [ERROR] WebSocket connection to 'ws://localhost:5173/' failed: Error during WebSocket handshake: Unexpected response code: 500 @ http://localhost:5173/@vite/client:1034
[   93208ms] [ERROR] WebSocket connection to 'ws://localhost:5173/' failed: Error during WebSocket handshake: Unexpected response code: 500 @ http://localhost:5173/@vite/client:1034
[   94209ms] [ERROR] WebSocket connection to 'ws://localhost:5173/' failed: Error during WebSocket handshake: Unexpected response code: 500 @ http://localhost:5173/@vite/client:1034
[   95210ms] [ERROR] WebSocket connection to 'ws://localhost:5173/' failed: Error during WebSocket handshake: Unexpected response code: 500 @ http://localhost:5173/@vite/client:1034
[   96211ms] [ERROR] WebSocket connection to 'ws://localhost:5173/' failed: Error during WebSocket handshake: Unexpected response code: 500 @ http://localhost:5173/@vite/client:1034
[   97213ms] [ERROR] WebSocket connection to 'ws://localhost:5173/' failed: Error during WebSocket handshake: Unexpected response code: 500 @ http://localhost:5173/@vite/client:1034
[   98215ms] [ERROR] WebSocket connection to 'ws://localhost:5173/' failed: Error during WebSocket handshake: Unexpected response code: 500 @ http://localhost:5173/@vite/client:1034
[   99216ms] [ERROR] WebSocket connection to 'ws://localhost:5173/' failed: Error during WebSocket handshake: Unexpected response code: 500 @ http://localhost:5173/@vite/client:1034
[  100218ms] [ERROR] WebSocket connection to 'ws://localhost:5173/' failed: Error during WebSocket handshake: Unexpected response code: 500 @ http://localhost:5173/@vite/client:1034
[  101223ms] [ERROR] WebSocket connection to 'ws://localhost:5173/' failed: Error during WebSocket handshake: Unexpected response code: 500 @ http://localhost:5173/@vite/client:1034
[  102226ms] [ERROR] WebSocket connection to 'ws://localhost:5173/' failed: Error during WebSocket handshake: Unexpected response code: 500 @ http://localhost:5173/@vite/client:1034
[  103237ms] [ERROR] WebSocket connection to 'ws://localhost:5173/' failed: Error during WebSocket handshake: Unexpected response code: 500 @ http://localhost:5173/@vite/client:1034
[  104245ms] [ERROR] WebSocket connection to 'ws://localhost:5173/' failed: Error during WebSocket handshake: Unexpected response code: 500 @ http://localhost:5173/@vite/client:1034
[  105251ms] [ERROR] WebSocket connection to 'ws://localhost:5173/' failed: Error during WebSocket handshake: Unexpected response code: 500 @ http://localhost:5173/@vite/client:1034
[  106261ms] [ERROR] WebSocket connection to 'ws://localhost:5173/' failed: Error during WebSocket handshake: Unexpected response code: 500 @ http://localhost:5173/@vite/client:1034
[  107298ms] [ERROR] WebSocket connection to 'ws://localhost:5173/' failed: Error during WebSocket handshake: Unexpected response code: 500 @ http://localhost:5173/@vite/client:1034
[  108329ms] [ERROR] WebSocket connection to 'ws://localhost:5173/' failed: Error during WebSocket handshake: Unexpected response code: 500 @ http://localhost:5173/@vite/client:1034
[  109369ms] [ERROR] WebSocket connection to 'ws://localhost:5173/' failed: Error during WebSocket handshake: Unexpected response code: 500 @ http://localhost:5173/@vite/client:1034
[  110407ms] [ERROR] WebSocket connection to 'ws://localhost:5173/' failed: Error during WebSocket handshake: Unexpected response code: 500 @ http://localhost:5173/@vite/client:1034
[  111498ms] [ERROR] WebSocket connection to 'ws://localhost:5173/' failed: Error during WebSocket handshake: Unexpected response code: 500 @ http://localhost:5173/@vite/client:1034
[  112605ms] [ERROR] WebSocket connection to 'ws://localhost:5173/' failed: Error during WebSocket handshake: Unexpected response code: 500 @ http://localhost:5173/@vite/client:1034
[  113748ms] [ERROR] WebSocket connection to 'ws://localhost:5173/' failed: Error during WebSocket handshake: Unexpected response code: 500 @ http://localhost:5173/@vite/client:1034
[  114913ms] [ERROR] WebSocket connection to 'ws://localhost:5173/' failed: Error during WebSocket handshake: Unexpected response code: 500 @ http://localhost:5173/@vite/client:1034
[  116074ms] [ERROR] WebSocket connection to 'ws://localhost:5173/' failed: Error during WebSocket handshake: Unexpected response code: 500 @ http://localhost:5173/@vite/client:1034
