[     110ms] [ERROR] WebSocket connection to 'ws://localhost:7681/' failed: Error during WebSocket handshake: net::ERR_CONNECTION_RESET @ http://localhost:5173/pkg/alacritty_web.js:1418
[    1184ms] [WARNING] [Contextify] [WARNING] running source code in new context @ https://k03e2io1v3fx9wvj0vr8qd5q58o56n-fkdo.w-corp-staticblitz.com/blitz.3b7d1e54.js:18
[    3401ms] [WARNING] The resource https://w-corp-staticblitz.com/fetch.worker.3b7d1e54.js was preloaded using link preload but not used within a few seconds from the window's load event. Please make sure it has an appropriate `as` value and it is preloaded intentionally. @ https://stackblitz.com/headless?version=1.6.1:0
[   31573ms] RuntimeError: table index is out of bounds
    at http://localhost:5173/pkg/alacritty_web_bg.wasm:wasm-function[2673]:0x21559b
    at http://localhost:5173/pkg/alacritty_web_bg.wasm:wasm-function[808]:0x12c9a8
    at http://localhost:5173/pkg/alacritty_web_bg.wasm:wasm-function[2983]:0x21b7f8
    at __wbg_adapter_6 (http://localhost:5173/pkg/alacritty_web.js:316:10)
    at real (http://localhost:5173/pkg/alacritty_web.js:253:20)
[   31573ms] RuntimeError: table index is out of bounds
    at http://localhost:5173/pkg/alacritty_web_bg.wasm:wasm-function[2673]:0x21559b
    at http://localhost:5173/pkg/alacritty_web_bg.wasm:wasm-function[808]:0x12c9a8
    at http://localhost:5173/pkg/alacritty_web_bg.wasm:wasm-function[2983]:0x21b7f8
    at __wbg_adapter_6 (http://localhost:5173/pkg/alacritty_web.js:316:10)
    at real (http://localhost:5173/pkg/alacritty_web.js:253:20)
[   31573ms] RuntimeError: table index is out of bounds
    at http://localhost:5173/pkg/alacritty_web_bg.wasm:wasm-function[2673]:0x21559b
    at http://localhost:5173/pkg/alacritty_web_bg.wasm:wasm-function[808]:0x12c9a8
    at http://localhost:5173/pkg/alacritty_web_bg.wasm:wasm-function[2983]:0x21b7f8
    at __wbg_adapter_6 (http://localhost:5173/pkg/alacritty_web.js:316:10)
    at real (http://localhost:5173/pkg/alacritty_web.js:253:20)
[   31652ms] RuntimeError: memory access out of bounds
    at http://localhost:5173/pkg/alacritty_web_bg.wasm:wasm-function[597]:0x9ddce
    at http://localhost:5173/pkg/alacritty_web_bg.wasm:wasm-function[3529]:0x2207df
    at http://localhost:5173/pkg/alacritty_web_bg.wasm:wasm-function[2891]:0x2186ec
    at passArray8ToWasm0 (http://localhost:5173/pkg/alacritty_web.js:97:17)
    at AlacrittyTerminal.feed (http://localhost:5173/pkg/alacritty_web.js:481:22)
    at runReplay (http://localhost:5173/src/routes/+page.svelte:82:19)
