[     161ms] [INFO] Initializing AlacrittyTerminal @ http://localhost:5191/pkg/alacritty_web.js:1268
[     162ms] [INFO] Canvas2D renderer: cell=8.399963x20, dpr=1, canvas=1148x574 @ http://localhost:5191/pkg/alacritty_web.js:1268
[     163ms] [INFO] Initial grid: 136x28 @ http://localhost:5191/pkg/alacritty_web.js:1268
[     163ms] [INFO] wgpu upgrade not requested, using Canvas 2D @ http://localhost:5191/pkg/alacritty_web.js:1268
[     163ms] [LOG] [DBG] created AlacrittyTerminal for: WebContainer Terminal @ http://localhost:5191/src/lib/components/AlacrittyTerminal.svelte?t=1776976885365:99
[     164ms] [LOG] [DBG] initWebContainer for: WebContainer Terminal @ http://localhost:5191/src/routes/+page.svelte?t=1776976894711:92
[     184ms] [INFO] Initializing AlacrittyTerminal @ http://localhost:5191/pkg/alacritty_web.js:1268
[     185ms] [INFO] Canvas2D renderer: cell=8.399963x20, dpr=1, canvas=1148x574 @ http://localhost:5191/pkg/alacritty_web.js:1268
[     185ms] [INFO] Initial grid: 136x28 @ http://localhost:5191/pkg/alacritty_web.js:1268
[     186ms] [INFO] wgpu upgrade not requested, using Canvas 2D @ http://localhost:5191/pkg/alacritty_web.js:1268
[     186ms] [LOG] [DBG] created AlacrittyTerminal for: Demo Terminal @ http://localhost:5191/src/lib/components/AlacrittyTerminal.svelte?t=1776976885365:99
[     186ms] [LOG] [DBG] startReplay called for: Demo Terminal @ http://localhost:5191/src/routes/+page.svelte?t=1776976894711:66
[     186ms] [LOG] [DBG] runReplay target: Demo Terminal @ http://localhost:5191/src/routes/+page.svelte?t=1776976894711:75
[     187ms] [INFO] Initializing AlacrittyTerminal @ http://localhost:5191/pkg/alacritty_web.js:1268
[     189ms] [INFO] Canvas2D renderer: cell=8.399963x20, dpr=1, canvas=1148x574 @ http://localhost:5191/pkg/alacritty_web.js:1268
[     189ms] [INFO] Initial grid: 136x28 @ http://localhost:5191/pkg/alacritty_web.js:1268
[     189ms] [INFO] wgpu upgrade not requested, using Canvas 2D @ http://localhost:5191/pkg/alacritty_web.js:1268
[     189ms] [LOG] [DBG] created AlacrittyTerminal for: WebSocket Terminal @ http://localhost:5191/src/lib/components/AlacrittyTerminal.svelte?t=1776976885365:99
[     199ms] [LOG] WebSocket connection opened @ :2
[     754ms] [INFO] Terminal title: me@centurion:~ @ http://localhost:5191/pkg/alacritty_web.js:1268
[    1820ms] [WARNING] [Contextify] [WARNING] running source code in new context @ https://vdi9g7cladzvvcrar1t4nj9na6x6u0-ruub.w-corp-staticblitz.com/blitz.4c73681d.js:18
[    3652ms] [WARNING] The resource https://w-corp-staticblitz.com/fetch.worker.4c73681d.js was preloaded using link preload but not used within a few seconds from the window's load event. Please make sure it has an appropriate `as` value and it is preloaded intentionally. @ https://stackblitz.com/headless?version=1.6.1:0
[   30726ms] RuntimeError: table index is out of bounds
    at http://localhost:5191/pkg/alacritty_web_bg.wasm:wasm-function[2687]:0x212410
    at http://localhost:5191/pkg/alacritty_web_bg.wasm:wasm-function[812]:0x12a173
    at http://localhost:5191/pkg/alacritty_web_bg.wasm:wasm-function[3042]:0x218c18
    at __wbg_adapter_13 (http://localhost:5191/pkg/alacritty_web.js:320:10)
    at real (http://localhost:5191/pkg/alacritty_web.js:253:20)
[   30726ms] RuntimeError: table index is out of bounds
    at http://localhost:5191/pkg/alacritty_web_bg.wasm:wasm-function[2687]:0x212410
    at http://localhost:5191/pkg/alacritty_web_bg.wasm:wasm-function[812]:0x12a173
    at http://localhost:5191/pkg/alacritty_web_bg.wasm:wasm-function[3042]:0x218c18
    at __wbg_adapter_13 (http://localhost:5191/pkg/alacritty_web.js:320:10)
    at real (http://localhost:5191/pkg/alacritty_web.js:253:20)
[   30726ms] RuntimeError: table index is out of bounds
    at http://localhost:5191/pkg/alacritty_web_bg.wasm:wasm-function[2687]:0x212410
    at http://localhost:5191/pkg/alacritty_web_bg.wasm:wasm-function[812]:0x12a173
    at http://localhost:5191/pkg/alacritty_web_bg.wasm:wasm-function[3042]:0x218c18
    at __wbg_adapter_13 (http://localhost:5191/pkg/alacritty_web.js:320:10)
    at real (http://localhost:5191/pkg/alacritty_web.js:253:20)
[   43953ms] RuntimeError: memory access out of bounds
    at http://localhost:5191/pkg/alacritty_web_bg.wasm:wasm-function[596]:0x87533
    at http://localhost:5191/pkg/alacritty_web_bg.wasm:wasm-function[3545]:0x21d698
    at http://localhost:5191/pkg/alacritty_web_bg.wasm:wasm-function[2709]:0x212a8e
    at passArray8ToWasm0 (http://localhost:5191/pkg/alacritty_web.js:97:17)
    at AlacrittyTerminal.write (http://localhost:5191/pkg/alacritty_web.js:498:22)
    at HTMLCanvasElement.handleKeydown (http://localhost:5191/src/lib/components/AlacrittyTerminal.svelte?t=1776976885365:80:13)
[   44102ms] RuntimeError: memory access out of bounds
    at http://localhost:5191/pkg/alacritty_web_bg.wasm:wasm-function[596]:0x87533
    at http://localhost:5191/pkg/alacritty_web_bg.wasm:wasm-function[3545]:0x21d698
    at http://localhost:5191/pkg/alacritty_web_bg.wasm:wasm-function[1385]:0x1c2089
    at AlacrittyTerminal.resize (http://localhost:5191/pkg/alacritty_web.js:508:14)
    at ResizeObserver.<anonymous> (http://localhost:5191/src/lib/components/AlacrittyTerminal.svelte?t=1776976885365:119:16)
[   44102ms] Error: recursive use of an object detected which would lead to unsafe aliasing in rust
    at imports.wbg.__wbg_wbindgenthrow_451ec1a8469d7eb6 (http://localhost:5191/pkg/alacritty_web.js:2425:15)
    at http://localhost:5191/pkg/alacritty_web_bg.wasm:wasm-function[3637]:0x220395
    at http://localhost:5191/pkg/alacritty_web_bg.wasm:wasm-function[3636]:0x22038a
    at http://localhost:5191/pkg/alacritty_web_bg.wasm:wasm-function[1633]:0x1df1fa
    at AlacrittyTerminal.cell_width (http://localhost:5191/pkg/alacritty_web.js:399:26)
    at ResizeObserver.<anonymous> (http://localhost:5191/src/lib/components/AlacrittyTerminal.svelte?t=1776976885365:108:28)
[   44103ms] Error: recursive use of an object detected which would lead to unsafe aliasing in rust
    at imports.wbg.__wbg_wbindgenthrow_451ec1a8469d7eb6 (http://localhost:5191/pkg/alacritty_web.js:2425:15)
    at http://localhost:5191/pkg/alacritty_web_bg.wasm:wasm-function[3637]:0x220395
    at http://localhost:5191/pkg/alacritty_web_bg.wasm:wasm-function[3636]:0x22038a
    at http://localhost:5191/pkg/alacritty_web_bg.wasm:wasm-function[1633]:0x1df1fa
    at AlacrittyTerminal.cell_width (http://localhost:5191/pkg/alacritty_web.js:399:26)
    at ResizeObserver.<anonymous> (http://localhost:5191/src/lib/components/AlacrittyTerminal.svelte?t=1776976885365:108:28)
[   44146ms] RuntimeError: memory access out of bounds
    at http://localhost:5191/pkg/alacritty_web_bg.wasm:wasm-function[596]:0x87533
    at http://localhost:5191/pkg/alacritty_web_bg.wasm:wasm-function[3545]:0x21d698
    at http://localhost:5191/pkg/alacritty_web_bg.wasm:wasm-function[2709]:0x212a8e
    at passArray8ToWasm0 (http://localhost:5191/pkg/alacritty_web.js:97:17)
    at AlacrittyTerminal.write (http://localhost:5191/pkg/alacritty_web.js:498:22)
    at HTMLCanvasElement.handleKeydown (http://localhost:5191/src/lib/components/AlacrittyTerminal.svelte?t=1776976885365:80:13)
[   44441ms] RuntimeError: memory access out of bounds
    at http://localhost:5191/pkg/alacritty_web_bg.wasm:wasm-function[596]:0x87533
    at http://localhost:5191/pkg/alacritty_web_bg.wasm:wasm-function[3545]:0x21d698
    at http://localhost:5191/pkg/alacritty_web_bg.wasm:wasm-function[2709]:0x212a8e
    at passArray8ToWasm0 (http://localhost:5191/pkg/alacritty_web.js:97:17)
    at AlacrittyTerminal.write (http://localhost:5191/pkg/alacritty_web.js:498:22)
    at HTMLCanvasElement.handleKeydown (http://localhost:5191/src/lib/components/AlacrittyTerminal.svelte?t=1776976885365:80:13)
