[      60ms] [ERROR] Failed to load resource: the server responded with a status of 404 (Not Found) @ http://localhost:5191/favicon.png:0
[     225ms] [INFO] Initializing AlacrittyTerminal @ http://localhost:5191/pkg/alacritty_web.js:1269
[    1219ms] [INFO] Canvas2D renderer: cell=8x17, dpr=1, canvas=1148x574 @ http://localhost:5191/pkg/alacritty_web.js:1269
[    1219ms] [INFO] Initial grid: 143x33 @ http://localhost:5191/pkg/alacritty_web.js:1269
[    1220ms] [INFO] wgpu upgrade not requested, using Canvas 2D @ http://localhost:5191/pkg/alacritty_web.js:1269
[    1220ms] [LOG] [DBG] created AlacrittyTerminal for: WebContainer Terminal @ http://localhost:5191/src/lib/components/AlacrittyTerminal.svelte?t=1776976885365:99
[    1220ms] [LOG] [DBG] initWebContainer for: WebContainer Terminal @ http://localhost:5191/src/routes/+page.svelte?t=1776976894711:92
[    1252ms] [INFO] Initializing AlacrittyTerminal @ http://localhost:5191/pkg/alacritty_web.js:1269
[    1253ms] [INFO] Canvas2D renderer: cell=8x17, dpr=1, canvas=1148x574 @ http://localhost:5191/pkg/alacritty_web.js:1269
[    1253ms] [INFO] Initial grid: 143x33 @ http://localhost:5191/pkg/alacritty_web.js:1269
[    1253ms] [INFO] wgpu upgrade not requested, using Canvas 2D @ http://localhost:5191/pkg/alacritty_web.js:1269
[    1254ms] [LOG] [DBG] created AlacrittyTerminal for: Demo Terminal @ http://localhost:5191/src/lib/components/AlacrittyTerminal.svelte?t=1776976885365:99
[    1254ms] [LOG] [DBG] startReplay called for: Demo Terminal @ http://localhost:5191/src/routes/+page.svelte?t=1776976894711:66
[    1254ms] [LOG] [DBG] runReplay target: Demo Terminal @ http://localhost:5191/src/routes/+page.svelte?t=1776976894711:75
[    1255ms] [INFO] Initializing AlacrittyTerminal @ http://localhost:5191/pkg/alacritty_web.js:1269
[    1257ms] [INFO] Canvas2D renderer: cell=8x17, dpr=1, canvas=1148x574 @ http://localhost:5191/pkg/alacritty_web.js:1269
[    1257ms] [INFO] Initial grid: 143x33 @ http://localhost:5191/pkg/alacritty_web.js:1269
[    1257ms] [INFO] wgpu upgrade not requested, using Canvas 2D @ http://localhost:5191/pkg/alacritty_web.js:1269
[    1257ms] [LOG] [DBG] created AlacrittyTerminal for: WebSocket Terminal @ http://localhost:5191/src/lib/components/AlacrittyTerminal.svelte?t=1776976885365:99
[    1273ms] [LOG] WebSocket connection opened @ :2
[    1862ms] [INFO] Terminal title: me@centurion:~ @ http://localhost:5191/pkg/alacritty_web.js:1269
[    2873ms] [WARNING] [Contextify] [WARNING] running source code in new context @ https://vdi9g7cladzvvcrar1t4nj9na6x6u0-ruub.w-corp-staticblitz.com/blitz.4c73681d.js:18
[    4708ms] [WARNING] The resource https://w-corp-staticblitz.com/fetch.worker.4c73681d.js was preloaded using link preload but not used within a few seconds from the window's load event. Please make sure it has an appropriate `as` value and it is preloaded intentionally. @ https://stackblitz.com/headless?version=1.6.1:0
