[     125ms] [INFO] Initializing AlacrittyTerminal @ http://localhost:5191/pkg/alacritty_web.js:1268
[     127ms] [INFO] Canvas2D renderer: cell=8.399963x20, dpr=1, canvas=1148x574 @ http://localhost:5191/pkg/alacritty_web.js:1268
[     128ms] [INFO] Initial grid: 136x28 @ http://localhost:5191/pkg/alacritty_web.js:1268
[     128ms] [INFO] wgpu upgrade not requested, using Canvas 2D @ http://localhost:5191/pkg/alacritty_web.js:1268
[     130ms] [INFO] Initializing AlacrittyTerminal @ http://localhost:5191/pkg/alacritty_web.js:1268
[     132ms] [INFO] Canvas2D renderer: cell=8.399963x20, dpr=1, canvas=1148x574 @ http://localhost:5191/pkg/alacritty_web.js:1268
[     132ms] [INFO] Initial grid: 136x28 @ http://localhost:5191/pkg/alacritty_web.js:1268
[     132ms] [INFO] wgpu upgrade not requested, using Canvas 2D @ http://localhost:5191/pkg/alacritty_web.js:1268
[     143ms] [INFO] Initializing AlacrittyTerminal @ http://localhost:5191/pkg/alacritty_web.js:1268
[     144ms] [INFO] Canvas2D renderer: cell=8.399963x20, dpr=1, canvas=1148x574 @ http://localhost:5191/pkg/alacritty_web.js:1268
[     144ms] [INFO] Initial grid: 136x28 @ http://localhost:5191/pkg/alacritty_web.js:1268
[     144ms] [INFO] wgpu upgrade not requested, using Canvas 2D @ http://localhost:5191/pkg/alacritty_web.js:1268
[     149ms] [LOG] WebSocket connection opened @ :2
[    2014ms] [WARNING] [Contextify] [WARNING] running source code in new context @ https://vdi9g7cladzvvcrar1t4nj9na6x6u0-ruub.w-corp-staticblitz.com/blitz.4c73681d.js:18
[    3609ms] [WARNING] The resource https://w-corp-staticblitz.com/fetch.worker.4c73681d.js was preloaded using link preload but not used within a few seconds from the window's load event. Please make sure it has an appropriate `as` value and it is preloaded intentionally. @ https://stackblitz.com/headless?version=1.6.1:0
[   30742ms] RuntimeError: table index is out of bounds
    at http://localhost:5191/pkg/alacritty_web_bg.wasm:wasm-function[2687]:0x212410
    at http://localhost:5191/pkg/alacritty_web_bg.wasm:wasm-function[812]:0x12a173
    at http://localhost:5191/pkg/alacritty_web_bg.wasm:wasm-function[3042]:0x218c18
    at __wbg_adapter_13 (http://localhost:5191/pkg/alacritty_web.js:320:10)
    at real (http://localhost:5191/pkg/alacritty_web.js:253:20)
[   30742ms] RuntimeError: table index is out of bounds
    at http://localhost:5191/pkg/alacritty_web_bg.wasm:wasm-function[2687]:0x212410
    at http://localhost:5191/pkg/alacritty_web_bg.wasm:wasm-function[812]:0x12a173
    at http://localhost:5191/pkg/alacritty_web_bg.wasm:wasm-function[3042]:0x218c18
    at __wbg_adapter_13 (http://localhost:5191/pkg/alacritty_web.js:320:10)
    at real (http://localhost:5191/pkg/alacritty_web.js:253:20)
[   30742ms] RuntimeError: table index is out of bounds
    at http://localhost:5191/pkg/alacritty_web_bg.wasm:wasm-function[2687]:0x212410
    at http://localhost:5191/pkg/alacritty_web_bg.wasm:wasm-function[812]:0x12a173
    at http://localhost:5191/pkg/alacritty_web_bg.wasm:wasm-function[3042]:0x218c18
    at __wbg_adapter_13 (http://localhost:5191/pkg/alacritty_web.js:320:10)
    at real (http://localhost:5191/pkg/alacritty_web.js:253:20)
[   45496ms] RuntimeError: memory access out of bounds
    at http://localhost:5191/pkg/alacritty_web_bg.wasm:wasm-function[596]:0x87533
    at http://localhost:5191/pkg/alacritty_web_bg.wasm:wasm-function[3545]:0x21d698
    at http://localhost:5191/pkg/alacritty_web_bg.wasm:wasm-function[2709]:0x212a8e
    at passArray8ToWasm0 (http://localhost:5191/pkg/alacritty_web.js:97:17)
    at AlacrittyTerminal.write (http://localhost:5191/pkg/alacritty_web.js:498:22)
    at HTMLCanvasElement.handleKeydown (http://localhost:5191/src/lib/components/AlacrittyTerminal.svelte:80:13)
[   45520ms] RuntimeError: memory access out of bounds
    at http://localhost:5191/pkg/alacritty_web_bg.wasm:wasm-function[596]:0x87533
    at http://localhost:5191/pkg/alacritty_web_bg.wasm:wasm-function[3545]:0x21d698
    at http://localhost:5191/pkg/alacritty_web_bg.wasm:wasm-function[2709]:0x212a8e
    at passArray8ToWasm0 (http://localhost:5191/pkg/alacritty_web.js:97:17)
    at AlacrittyTerminal.write (http://localhost:5191/pkg/alacritty_web.js:498:22)
    at HTMLCanvasElement.handleKeydown (http://localhost:5191/src/lib/components/AlacrittyTerminal.svelte:80:13)
[   45532ms] RuntimeError: memory access out of bounds
    at http://localhost:5191/pkg/alacritty_web_bg.wasm:wasm-function[596]:0x87533
    at http://localhost:5191/pkg/alacritty_web_bg.wasm:wasm-function[3545]:0x21d698
    at http://localhost:5191/pkg/alacritty_web_bg.wasm:wasm-function[2709]:0x212a8e
    at passArray8ToWasm0 (http://localhost:5191/pkg/alacritty_web.js:97:17)
    at AlacrittyTerminal.write (http://localhost:5191/pkg/alacritty_web.js:498:22)
    at HTMLCanvasElement.handleKeydown (http://localhost:5191/src/lib/components/AlacrittyTerminal.svelte:80:13)
