[     139ms] [INFO] Initializing AlacrittyTerminal @ http://localhost:5191/pkg/alacritty_web.js:1590
[     141ms] [INFO] Canvas2D renderer: cell=8x17, dpr=1, canvas=654x548 @ http://localhost:5191/pkg/alacritty_web.js:1590
[     142ms] [INFO] Initial grid: 81x32 @ http://localhost:5191/pkg/alacritty_web.js:1590
[     142ms] [INFO] wgpu upgrade not requested, using Canvas 2D @ http://localhost:5191/pkg/alacritty_web.js:1590
[     796ms] [INFO] Terminal title: me@centurion:~ @ http://localhost:5191/pkg/alacritty_web.js:1590
[   29440ms] [INFO] Terminal title: me@centurion:~ @ http://localhost:5191/pkg/alacritty_web.js:1590
[  331704ms] [INFO] Initializing AlacrittyTerminal @ http://localhost:5191/pkg/alacritty_web.js:1590
[  331709ms] [INFO] Canvas2D renderer: cell=8x17, dpr=1, canvas=654x548 @ http://localhost:5191/pkg/alacritty_web.js:1590
[  331709ms] [INFO] Initial grid: 81x32 @ http://localhost:5191/pkg/alacritty_web.js:1590
[  331711ms] [INFO] wgpu upgrade not requested, using Canvas 2D @ http://localhost:5191/pkg/alacritty_web.js:1590
[  332756ms] [INFO] Terminal title: me@centurion:~ @ http://localhost:5191/pkg/alacritty_web.js:1590
[  354072ms] [INFO] Initializing AlacrittyTerminal @ http://localhost:5191/pkg/alacritty_web.js:1590
[  354073ms] [INFO] Canvas2D renderer: cell=8x17, dpr=1, canvas=654x548 @ http://localhost:5191/pkg/alacritty_web.js:1590
[  354074ms] [INFO] Initial grid: 81x32 @ http://localhost:5191/pkg/alacritty_web.js:1590
[  354074ms] [INFO] wgpu upgrade not requested, using Canvas 2D @ http://localhost:5191/pkg/alacritty_web.js:1590
[  355000ms] [INFO] Terminal title: me@centurion:~ @ http://localhost:5191/pkg/alacritty_web.js:1590
[  367869ms] [INFO] Initializing AlacrittyTerminal @ http://localhost:5191/pkg/alacritty_web.js:1590
[  367871ms] [INFO] Canvas2D renderer: cell=8x17, dpr=1, canvas=654x548 @ http://localhost:5191/pkg/alacritty_web.js:1590
[  367873ms] [INFO] Initial grid: 81x32 @ http://localhost:5191/pkg/alacritty_web.js:1590
[  367882ms] [INFO] wgpu upgrade not requested, using Canvas 2D @ http://localhost:5191/pkg/alacritty_web.js:1590
[  368818ms] [INFO] Terminal title: me@centurion:~ @ http://localhost:5191/pkg/alacritty_web.js:1590
