[     169ms] [INFO] Initializing AlacrittyTerminal @ http://localhost:5173/pkg/alacritty_web.js:714
[     170ms] [INFO] Canvas2D renderer: cell=8x17, dpr=1, canvas=587x300 @ http://localhost:5173/pkg/alacritty_web.js:714
[     170ms] [INFO] Initial grid: 73x17 @ http://localhost:5173/pkg/alacritty_web.js:714
[     170ms] [INFO] Initializing AlacrittyTerminal @ http://localhost:5173/pkg/alacritty_web.js:714
[     171ms] [INFO] Canvas2D renderer: cell=8x17, dpr=1, canvas=447x300 @ http://localhost:5173/pkg/alacritty_web.js:714
[     171ms] [INFO] Initial grid: 55x17 @ http://localhost:5173/pkg/alacritty_web.js:714
[     171ms] [INFO] Initializing AlacrittyTerminal @ http://localhost:5173/pkg/alacritty_web.js:714
[     172ms] [INFO] Canvas2D renderer: cell=8x17, dpr=1, canvas=587x300 @ http://localhost:5173/pkg/alacritty_web.js:714
[     172ms] [INFO] Initial grid: 73x17 @ http://localhost:5173/pkg/alacritty_web.js:714
[     172ms] [INFO] Initializing AlacrittyTerminal @ http://localhost:5173/pkg/alacritty_web.js:714
[     172ms] [INFO] Canvas2D renderer: cell=8x17, dpr=1, canvas=587x300 @ http://localhost:5173/pkg/alacritty_web.js:714
[     173ms] [INFO] Initial grid: 73x17 @ http://localhost:5173/pkg/alacritty_web.js:714
[     173ms] [INFO] Initializing AlacrittyTerminal @ http://localhost:5173/pkg/alacritty_web.js:714
[     173ms] [INFO] Canvas2D renderer: cell=8x17, dpr=1, canvas=589x300 @ http://localhost:5173/pkg/alacritty_web.js:714
[     174ms] [INFO] Initial grid: 73x17 @ http://localhost:5173/pkg/alacritty_web.js:714
[     174ms] [INFO] Initializing AlacrittyTerminal @ http://localhost:5173/pkg/alacritty_web.js:714
[     174ms] [INFO] Canvas2D renderer: cell=8x17, dpr=1, canvas=587x300 @ http://localhost:5173/pkg/alacritty_web.js:714
[     175ms] [INFO] Initial grid: 73x17 @ http://localhost:5173/pkg/alacritty_web.js:714
[     175ms] [INFO] Initializing AlacrittyTerminal @ http://localhost:5173/pkg/alacritty_web.js:714
[     175ms] [INFO] Canvas2D renderer: cell=8x17, dpr=1, canvas=587x300 @ http://localhost:5173/pkg/alacritty_web.js:714
[     176ms] [INFO] Initial grid: 73x17 @ http://localhost:5173/pkg/alacritty_web.js:714
[     176ms] [INFO] Initializing AlacrittyTerminal @ http://localhost:5173/pkg/alacritty_web.js:714
[     176ms] [INFO] Canvas2D renderer: cell=8x17, dpr=1, canvas=587x300 @ http://localhost:5173/pkg/alacritty_web.js:714
[     177ms] [INFO] Initial grid: 73x17 @ http://localhost:5173/pkg/alacritty_web.js:714
[     177ms] [INFO] Initializing AlacrittyTerminal @ http://localhost:5173/pkg/alacritty_web.js:714
[     177ms] [INFO] Canvas2D renderer: cell=8x17, dpr=1, canvas=587x300 @ http://localhost:5173/pkg/alacritty_web.js:714
[     177ms] [INFO] Initial grid: 73x17 @ http://localhost:5173/pkg/alacritty_web.js:714
[     178ms] [INFO] Initializing AlacrittyTerminal @ http://localhost:5173/pkg/alacritty_web.js:714
[     178ms] [INFO] Canvas2D renderer: cell=8x17, dpr=1, canvas=587x300 @ http://localhost:5173/pkg/alacritty_web.js:714
[     178ms] [INFO] Initial grid: 73x17 @ http://localhost:5173/pkg/alacritty_web.js:714
[     178ms] [INFO] Initializing AlacrittyTerminal @ http://localhost:5173/pkg/alacritty_web.js:714
[     179ms] [INFO] Canvas2D renderer: cell=8x17, dpr=1, canvas=587x300 @ http://localhost:5173/pkg/alacritty_web.js:714
[     179ms] [INFO] Initial grid: 73x17 @ http://localhost:5173/pkg/alacritty_web.js:714
[     179ms] [INFO] Initializing AlacrittyTerminal @ http://localhost:5173/pkg/alacritty_web.js:714
[     179ms] [INFO] Canvas2D renderer: cell=8x17, dpr=1, canvas=589x300 @ http://localhost:5173/pkg/alacritty_web.js:714
[     180ms] [INFO] Initial grid: 73x17 @ http://localhost:5173/pkg/alacritty_web.js:714
[     180ms] [INFO] Initializing AlacrittyTerminal @ http://localhost:5173/pkg/alacritty_web.js:714
[     180ms] [INFO] Canvas2D renderer: cell=8x17, dpr=1, canvas=587x300 @ http://localhost:5173/pkg/alacritty_web.js:714
[     180ms] [INFO] Initial grid: 73x17 @ http://localhost:5173/pkg/alacritty_web.js:714
[     181ms] [INFO] Initializing AlacrittyTerminal @ http://localhost:5173/pkg/alacritty_web.js:714
[     181ms] [INFO] Canvas2D renderer: cell=8x17, dpr=1, canvas=587x300 @ http://localhost:5173/pkg/alacritty_web.js:714
[     181ms] [INFO] Initial grid: 73x17 @ http://localhost:5173/pkg/alacritty_web.js:714
[     181ms] [INFO] Initializing AlacrittyTerminal @ http://localhost:5173/pkg/alacritty_web.js:714
[     182ms] [INFO] Canvas2D renderer: cell=8x17, dpr=1, canvas=587x300 @ http://localhost:5173/pkg/alacritty_web.js:714
[     182ms] [INFO] Initial grid: 73x17 @ http://localhost:5173/pkg/alacritty_web.js:714
[     182ms] [INFO] Initializing AlacrittyTerminal @ http://localhost:5173/pkg/alacritty_web.js:714
[     182ms] [INFO] Canvas2D renderer: cell=8x17, dpr=1, canvas=587x300 @ http://localhost:5173/pkg/alacritty_web.js:714
[     183ms] [INFO] Initial grid: 73x17 @ http://localhost:5173/pkg/alacritty_web.js:714
[     183ms] [INFO] Initializing AlacrittyTerminal @ http://localhost:5173/pkg/alacritty_web.js:714
[     183ms] [INFO] Canvas2D renderer: cell=8x17, dpr=1, canvas=587x300 @ http://localhost:5173/pkg/alacritty_web.js:714
[     183ms] [INFO] Initial grid: 73x17 @ http://localhost:5173/pkg/alacritty_web.js:714
[ 1761568ms] [INFO] Initializing AlacrittyTerminal @ http://localhost:5173/pkg/alacritty_web.js:714
[ 1761569ms] [INFO] Canvas2D renderer: cell=8x17, dpr=1, canvas=587x300 @ http://localhost:5173/pkg/alacritty_web.js:714
[ 1761569ms] [INFO] Initial grid: 73x17 @ http://localhost:5173/pkg/alacritty_web.js:714
[ 1761570ms] [INFO] Initializing AlacrittyTerminal @ http://localhost:5173/pkg/alacritty_web.js:714
[ 1761570ms] [INFO] Canvas2D renderer: cell=8x17, dpr=1, canvas=587x300 @ http://localhost:5173/pkg/alacritty_web.js:714
[ 1761571ms] [INFO] Initial grid: 73x17 @ http://localhost:5173/pkg/alacritty_web.js:714
[ 1761571ms] [INFO] Initializing AlacrittyTerminal @ http://localhost:5173/pkg/alacritty_web.js:714
[ 1761571ms] [INFO] Canvas2D renderer: cell=8x17, dpr=1, canvas=447x300 @ http://localhost:5173/pkg/alacritty_web.js:714
[ 1761571ms] [INFO] Initial grid: 55x17 @ http://localhost:5173/pkg/alacritty_web.js:714
[ 1761572ms] [INFO] Initializing AlacrittyTerminal @ http://localhost:5173/pkg/alacritty_web.js:714
[ 1761572ms] [INFO] Canvas2D renderer: cell=8x17, dpr=1, canvas=587x300 @ http://localhost:5173/pkg/alacritty_web.js:714
[ 1761572ms] [INFO] Initial grid: 73x17 @ http://localhost:5173/pkg/alacritty_web.js:714
[ 1761572ms] [INFO] Initializing AlacrittyTerminal @ http://localhost:5173/pkg/alacritty_web.js:714
[ 1761573ms] [INFO] Canvas2D renderer: cell=8x17, dpr=1, canvas=587x300 @ http://localhost:5173/pkg/alacritty_web.js:714
[ 1761573ms] [INFO] Initial grid: 73x17 @ http://localhost:5173/pkg/alacritty_web.js:714
[ 1761573ms] [INFO] Initializing AlacrittyTerminal @ http://localhost:5173/pkg/alacritty_web.js:714
[ 1761574ms] [INFO] Canvas2D renderer: cell=8x17, dpr=1, canvas=587x300 @ http://localhost:5173/pkg/alacritty_web.js:714
[ 1761574ms] [INFO] Initial grid: 73x17 @ http://localhost:5173/pkg/alacritty_web.js:714
[ 1761574ms] [INFO] Initializing AlacrittyTerminal @ http://localhost:5173/pkg/alacritty_web.js:714
[ 1761575ms] [INFO] Canvas2D renderer: cell=8x17, dpr=1, canvas=587x300 @ http://localhost:5173/pkg/alacritty_web.js:714
[ 1761575ms] [INFO] Initial grid: 73x17 @ http://localhost:5173/pkg/alacritty_web.js:714
[ 1761575ms] [INFO] Initializing AlacrittyTerminal @ http://localhost:5173/pkg/alacritty_web.js:714
[ 1761575ms] [INFO] Canvas2D renderer: cell=8x17, dpr=1, canvas=587x300 @ http://localhost:5173/pkg/alacritty_web.js:714
[ 1761576ms] [INFO] Initial grid: 73x17 @ http://localhost:5173/pkg/alacritty_web.js:714
[ 1761576ms] [INFO] Initializing AlacrittyTerminal @ http://localhost:5173/pkg/alacritty_web.js:714
[ 1761576ms] [INFO] Canvas2D renderer: cell=8x17, dpr=1, canvas=587x300 @ http://localhost:5173/pkg/alacritty_web.js:714
[ 1761576ms] [INFO] Initial grid: 73x17 @ http://localhost:5173/pkg/alacritty_web.js:714
[ 1761577ms] [INFO] Initializing AlacrittyTerminal @ http://localhost:5173/pkg/alacritty_web.js:714
[ 1761577ms] [INFO] Canvas2D renderer: cell=8x17, dpr=1, canvas=589x300 @ http://localhost:5173/pkg/alacritty_web.js:714
[ 1761577ms] [INFO] Initial grid: 73x17 @ http://localhost:5173/pkg/alacritty_web.js:714
[ 1761577ms] [INFO] Initializing AlacrittyTerminal @ http://localhost:5173/pkg/alacritty_web.js:714
[ 1761578ms] [INFO] Canvas2D renderer: cell=8x17, dpr=1, canvas=587x300 @ http://localhost:5173/pkg/alacritty_web.js:714
[ 1761578ms] [INFO] Initial grid: 73x17 @ http://localhost:5173/pkg/alacritty_web.js:714
[ 1761578ms] [INFO] Initializing AlacrittyTerminal @ http://localhost:5173/pkg/alacritty_web.js:714
[ 1761579ms] [INFO] Canvas2D renderer: cell=8x17, dpr=1, canvas=587x300 @ http://localhost:5173/pkg/alacritty_web.js:714
[ 1761579ms] [INFO] Initial grid: 73x17 @ http://localhost:5173/pkg/alacritty_web.js:714
[ 1761579ms] [INFO] Initializing AlacrittyTerminal @ http://localhost:5173/pkg/alacritty_web.js:714
[ 1761579ms] [INFO] Canvas2D renderer: cell=8x17, dpr=1, canvas=589x300 @ http://localhost:5173/pkg/alacritty_web.js:714
[ 1761580ms] [INFO] Initial grid: 73x17 @ http://localhost:5173/pkg/alacritty_web.js:714
[ 1761580ms] [INFO] Initializing AlacrittyTerminal @ http://localhost:5173/pkg/alacritty_web.js:714
[ 1761580ms] [INFO] Canvas2D renderer: cell=8x17, dpr=1, canvas=587x300 @ http://localhost:5173/pkg/alacritty_web.js:714
[ 1761580ms] [INFO] Initial grid: 73x17 @ http://localhost:5173/pkg/alacritty_web.js:714
[ 1761580ms] [INFO] Initializing AlacrittyTerminal @ http://localhost:5173/pkg/alacritty_web.js:714
[ 1761581ms] [INFO] Canvas2D renderer: cell=8x17, dpr=1, canvas=587x300 @ http://localhost:5173/pkg/alacritty_web.js:714
[ 1761581ms] [INFO] Initial grid: 73x17 @ http://localhost:5173/pkg/alacritty_web.js:714
[ 1761581ms] [INFO] Initializing AlacrittyTerminal @ http://localhost:5173/pkg/alacritty_web.js:714
[ 1761582ms] [INFO] Canvas2D renderer: cell=8x17, dpr=1, canvas=587x300 @ http://localhost:5173/pkg/alacritty_web.js:714
[ 1761582ms] [INFO] Initial grid: 73x17 @ http://localhost:5173/pkg/alacritty_web.js:714
[ 1761582ms] [INFO] Initializing AlacrittyTerminal @ http://localhost:5173/pkg/alacritty_web.js:714
[ 1761583ms] [INFO] Canvas2D renderer: cell=8x17, dpr=1, canvas=587x300 @ http://localhost:5173/pkg/alacritty_web.js:714
[ 1761583ms] [INFO] Initial grid: 73x17 @ http://localhost:5173/pkg/alacritty_web.js:714
[ 1792934ms] [INFO] Initializing AlacrittyTerminal @ http://localhost:5173/pkg/alacritty_web.js:714
[ 1792934ms] [INFO] Canvas2D renderer: cell=8x17, dpr=1, canvas=587x300 @ http://localhost:5173/pkg/alacritty_web.js:714
[ 1792935ms] [INFO] Initial grid: 73x17 @ http://localhost:5173/pkg/alacritty_web.js:714
[ 1792937ms] [INFO] Initializing AlacrittyTerminal @ http://localhost:5173/pkg/alacritty_web.js:714
[ 1792938ms] [INFO] Canvas2D renderer: cell=8x17, dpr=1, canvas=587x300 @ http://localhost:5173/pkg/alacritty_web.js:714
[ 1792938ms] [INFO] Initial grid: 73x17 @ http://localhost:5173/pkg/alacritty_web.js:714
[ 1792939ms] [INFO] Initializing AlacrittyTerminal @ http://localhost:5173/pkg/alacritty_web.js:714
[ 1792939ms] [INFO] Canvas2D renderer: cell=8x17, dpr=1, canvas=587x300 @ http://localhost:5173/pkg/alacritty_web.js:714
[ 1792939ms] [INFO] Initial grid: 73x17 @ http://localhost:5173/pkg/alacritty_web.js:714
[ 1792940ms] [INFO] Initializing AlacrittyTerminal @ http://localhost:5173/pkg/alacritty_web.js:714
[ 1792940ms] [INFO] Canvas2D renderer: cell=8x17, dpr=1, canvas=587x300 @ http://localhost:5173/pkg/alacritty_web.js:714
[ 1792940ms] [INFO] Initial grid: 73x17 @ http://localhost:5173/pkg/alacritty_web.js:714
[ 1792941ms] [INFO] Initializing AlacrittyTerminal @ http://localhost:5173/pkg/alacritty_web.js:714
[ 1792941ms] [INFO] Canvas2D renderer: cell=8x17, dpr=1, canvas=587x300 @ http://localhost:5173/pkg/alacritty_web.js:714
[ 1792941ms] [INFO] Initial grid: 73x17 @ http://localhost:5173/pkg/alacritty_web.js:714
[ 1792941ms] [INFO] Initializing AlacrittyTerminal @ http://localhost:5173/pkg/alacritty_web.js:714
[ 1792942ms] [INFO] Canvas2D renderer: cell=8x17, dpr=1, canvas=587x300 @ http://localhost:5173/pkg/alacritty_web.js:714
[ 1792942ms] [INFO] Initial grid: 73x17 @ http://localhost:5173/pkg/alacritty_web.js:714
[ 1792943ms] [INFO] Initializing AlacrittyTerminal @ http://localhost:5173/pkg/alacritty_web.js:714
[ 1792943ms] [INFO] Canvas2D renderer: cell=8x17, dpr=1, canvas=587x300 @ http://localhost:5173/pkg/alacritty_web.js:714
[ 1792943ms] [INFO] Initial grid: 73x17 @ http://localhost:5173/pkg/alacritty_web.js:714
[ 1792944ms] [INFO] Initializing AlacrittyTerminal @ http://localhost:5173/pkg/alacritty_web.js:714
[ 1792944ms] [INFO] Canvas2D renderer: cell=8x17, dpr=1, canvas=587x300 @ http://localhost:5173/pkg/alacritty_web.js:714
[ 1792944ms] [INFO] Initial grid: 73x17 @ http://localhost:5173/pkg/alacritty_web.js:714
[ 1792944ms] [INFO] Initializing AlacrittyTerminal @ http://localhost:5173/pkg/alacritty_web.js:714
[ 1792945ms] [INFO] Canvas2D renderer: cell=8x17, dpr=1, canvas=587x300 @ http://localhost:5173/pkg/alacritty_web.js:714
[ 1792945ms] [INFO] Initial grid: 73x17 @ http://localhost:5173/pkg/alacritty_web.js:714
[ 1793411ms] [INFO] Initializing AlacrittyTerminal @ http://localhost:5173/pkg/alacritty_web.js:714
[ 1793412ms] [INFO] Canvas2D renderer: cell=8x17, dpr=1, canvas=587x300 @ http://localhost:5173/pkg/alacritty_web.js:714
[ 1793412ms] [INFO] Initial grid: 73x17 @ http://localhost:5173/pkg/alacritty_web.js:714
[ 1793412ms] [INFO] Initializing AlacrittyTerminal @ http://localhost:5173/pkg/alacritty_web.js:714
[ 1793413ms] [INFO] Canvas2D renderer: cell=8x17, dpr=1, canvas=587x300 @ http://localhost:5173/pkg/alacritty_web.js:714
[ 1793413ms] [INFO] Initial grid: 73x17 @ http://localhost:5173/pkg/alacritty_web.js:714
[ 1793413ms] [INFO] Initializing AlacrittyTerminal @ http://localhost:5173/pkg/alacritty_web.js:714
[ 1793414ms] [INFO] Canvas2D renderer: cell=8x17, dpr=1, canvas=587x300 @ http://localhost:5173/pkg/alacritty_web.js:714
[ 1793414ms] [INFO] Initial grid: 73x17 @ http://localhost:5173/pkg/alacritty_web.js:714
[ 1793415ms] [INFO] Initializing AlacrittyTerminal @ http://localhost:5173/pkg/alacritty_web.js:714
[ 1793415ms] [INFO] Canvas2D renderer: cell=8x17, dpr=1, canvas=587x300 @ http://localhost:5173/pkg/alacritty_web.js:714
[ 1793415ms] [INFO] Initial grid: 73x17 @ http://localhost:5173/pkg/alacritty_web.js:714
[ 1793419ms] [INFO] Initializing AlacrittyTerminal @ http://localhost:5173/pkg/alacritty_web.js:714
[ 1793420ms] [INFO] Canvas2D renderer: cell=8x17, dpr=1, canvas=587x300 @ http://localhost:5173/pkg/alacritty_web.js:714
[ 1793420ms] [INFO] Initial grid: 73x17 @ http://localhost:5173/pkg/alacritty_web.js:714
[ 1793420ms] [INFO] Initializing AlacrittyTerminal @ http://localhost:5173/pkg/alacritty_web.js:714
[ 1793421ms] [INFO] Canvas2D renderer: cell=8x17, dpr=1, canvas=587x300 @ http://localhost:5173/pkg/alacritty_web.js:714
[ 1793421ms] [INFO] Initial grid: 73x17 @ http://localhost:5173/pkg/alacritty_web.js:714
[ 1793421ms] [INFO] Initializing AlacrittyTerminal @ http://localhost:5173/pkg/alacritty_web.js:714
[ 1793421ms] [INFO] Canvas2D renderer: cell=8x17, dpr=1, canvas=587x300 @ http://localhost:5173/pkg/alacritty_web.js:714
[ 1793422ms] [INFO] Initial grid: 73x17 @ http://localhost:5173/pkg/alacritty_web.js:714
[ 1793422ms] [INFO] Initializing AlacrittyTerminal @ http://localhost:5173/pkg/alacritty_web.js:714
[ 1793422ms] [INFO] Canvas2D renderer: cell=8x17, dpr=1, canvas=587x300 @ http://localhost:5173/pkg/alacritty_web.js:714
[ 1793422ms] [INFO] Initial grid: 73x17 @ http://localhost:5173/pkg/alacritty_web.js:714
[ 1793428ms] [INFO] Initializing AlacrittyTerminal @ http://localhost:5173/pkg/alacritty_web.js:714
[ 1793428ms] [INFO] Canvas2D renderer: cell=8x17, dpr=1, canvas=587x300 @ http://localhost:5173/pkg/alacritty_web.js:714
[ 1793428ms] [INFO] Initial grid: 73x17 @ http://localhost:5173/pkg/alacritty_web.js:714
