[     149ms] [INFO] Initializing AlacrittyTerminal @ http://localhost:5191/pkg/alacritty_web.js:1268
[     150ms] [INFO] Canvas2D renderer: cell=8.399963x20, dpr=1, canvas=1148x574 @ http://localhost:5191/pkg/alacritty_web.js:1268
[     150ms] [INFO] Initial grid: 136x28 @ http://localhost:5191/pkg/alacritty_web.js:1268
[     151ms] [INFO] wgpu upgrade not requested, using Canvas 2D @ http://localhost:5191/pkg/alacritty_web.js:1268
[     152ms] [INFO] Initializing AlacrittyTerminal @ http://localhost:5191/pkg/alacritty_web.js:1268
[     154ms] [INFO] Canvas2D renderer: cell=8.399963x20, dpr=1, canvas=1148x574 @ http://localhost:5191/pkg/alacritty_web.js:1268
[     154ms] [INFO] Initial grid: 136x28 @ http://localhost:5191/pkg/alacritty_web.js:1268
[     154ms] [INFO] wgpu upgrade not requested, using Canvas 2D @ http://localhost:5191/pkg/alacritty_web.js:1268
[     155ms] [INFO] Initializing AlacrittyTerminal @ http://localhost:5191/pkg/alacritty_web.js:1268
[     156ms] [INFO] Canvas2D renderer: cell=8.399963x20, dpr=1, canvas=1148x574 @ http://localhost:5191/pkg/alacritty_web.js:1268
[     157ms] [INFO] Initial grid: 136x28 @ http://localhost:5191/pkg/alacritty_web.js:1268
[     157ms] [INFO] wgpu upgrade not requested, using Canvas 2D @ http://localhost:5191/pkg/alacritty_web.js:1268
[     165ms] [ERROR] WebSocket connection to 'ws://localhost:7681/' failed: Error in connection establishment: net::ERR_CONNECTION_REFUSED @ http://localhost:5191/pkg/alacritty_web.js:1418
[     165ms] [LOG] WebSocket error @ :2
[     165ms] [LOG] WebSocket closed: code=1006 @ :2
[    2057ms] [WARNING] [Contextify] [WARNING] running source code in new context @ https://vdi9g7cladzvvcrar1t4nj9na6x6u0-ruub.w-corp-staticblitz.com/blitz.4c73681d.js:18
[    3670ms] [WARNING] The resource https://w-corp-staticblitz.com/fetch.worker.4c73681d.js was preloaded using link preload but not used within a few seconds from the window's load event. Please make sure it has an appropriate `as` value and it is preloaded intentionally. @ https://stackblitz.com/headless?version=1.6.1:0
[   27179ms] RuntimeError: table index is out of bounds
    at http://localhost:5191/pkg/alacritty_web_bg.wasm:wasm-function[2687]:0x212410
    at http://localhost:5191/pkg/alacritty_web_bg.wasm:wasm-function[812]:0x12a173
    at http://localhost:5191/pkg/alacritty_web_bg.wasm:wasm-function[3042]:0x218c18
    at __wbg_adapter_13 (http://localhost:5191/pkg/alacritty_web.js:320:10)
    at real (http://localhost:5191/pkg/alacritty_web.js:253:20)
[   27179ms] RuntimeError: table index is out of bounds
    at http://localhost:5191/pkg/alacritty_web_bg.wasm:wasm-function[2687]:0x212410
    at http://localhost:5191/pkg/alacritty_web_bg.wasm:wasm-function[812]:0x12a173
    at http://localhost:5191/pkg/alacritty_web_bg.wasm:wasm-function[3042]:0x218c18
    at __wbg_adapter_13 (http://localhost:5191/pkg/alacritty_web.js:320:10)
    at real (http://localhost:5191/pkg/alacritty_web.js:253:20)
[   27179ms] RuntimeError: table index is out of bounds
    at http://localhost:5191/pkg/alacritty_web_bg.wasm:wasm-function[2687]:0x212410
    at http://localhost:5191/pkg/alacritty_web_bg.wasm:wasm-function[812]:0x12a173
    at http://localhost:5191/pkg/alacritty_web_bg.wasm:wasm-function[3042]:0x218c18
    at __wbg_adapter_13 (http://localhost:5191/pkg/alacritty_web.js:320:10)
    at real (http://localhost:5191/pkg/alacritty_web.js:253:20)
