[      64ms] [ERROR] Failed to load resource: the server responded with a status of 404 (Not Found) @ http://localhost:5191/favicon.png:0
[     476ms] [INFO] Initializing AlacrittyTerminal @ http://localhost:5191/pkg/alacritty_web.js:1458
[     893ms] [INFO] Canvas2D renderer: cell=8x17, dpr=1, canvas=1148x574 @ http://localhost:5191/pkg/alacritty_web.js:1458
[     893ms] [INFO] Initial grid: 143x33 @ http://localhost:5191/pkg/alacritty_web.js:1458
[     896ms] [INFO] wgpu upgrade not requested, using Canvas 2D @ http://localhost:5191/pkg/alacritty_web.js:1458
[     896ms] [LOG] [DBG] created AlacrittyTerminal for: WebContainer Terminal @ http://localhost:5191/src/lib/components/AlacrittyTerminal.svelte?t=1776977695383:99
[     896ms] [LOG] [DBG] initWebContainer for: WebContainer Terminal @ http://localhost:5191/src/routes/+page.svelte?t=1776977695383:92
[     921ms] [INFO] Initializing AlacrittyTerminal @ http://localhost:5191/pkg/alacritty_web.js:1458
[     923ms] [INFO] Canvas2D renderer: cell=8x17, dpr=1, canvas=1148x574 @ http://localhost:5191/pkg/alacritty_web.js:1458
[     923ms] [INFO] Initial grid: 143x33 @ http://localhost:5191/pkg/alacritty_web.js:1458
[     924ms] [INFO] wgpu upgrade not requested, using Canvas 2D @ http://localhost:5191/pkg/alacritty_web.js:1458
[     924ms] [LOG] [DBG] created AlacrittyTerminal for: Demo Terminal @ http://localhost:5191/src/lib/components/AlacrittyTerminal.svelte?t=1776977695383:99
[     924ms] [LOG] [DBG] startReplay called for: Demo Terminal @ http://localhost:5191/src/routes/+page.svelte?t=1776977695383:66
[     924ms] [LOG] [DBG] runReplay target: Demo Terminal @ http://localhost:5191/src/routes/+page.svelte?t=1776977695383:75
[     930ms] [INFO] Initializing AlacrittyTerminal @ http://localhost:5191/pkg/alacritty_web.js:1458
[     939ms] [INFO] Canvas2D renderer: cell=8x17, dpr=1, canvas=1148x574 @ http://localhost:5191/pkg/alacritty_web.js:1458
[     939ms] [INFO] Initial grid: 143x33 @ http://localhost:5191/pkg/alacritty_web.js:1458
[     940ms] [INFO] wgpu upgrade not requested, using Canvas 2D @ http://localhost:5191/pkg/alacritty_web.js:1458
[     940ms] [LOG] [DBG] created AlacrittyTerminal for: WebSocket Terminal @ http://localhost:5191/src/lib/components/AlacrittyTerminal.svelte?t=1776977695383:99
[     964ms] [LOG] WebSocket connection opened @ :2
[    1549ms] [INFO] Terminal title: me@centurion:~ @ http://localhost:5191/pkg/alacritty_web.js:1458
[    2729ms] [WARNING] [Contextify] [WARNING] running source code in new context @ https://vdi9g7cladzvvcrar1t4nj9na6x6u0-ruub.w-corp-staticblitz.com/blitz.4c73681d.js:18
[    4474ms] [WARNING] The resource https://w-corp-staticblitz.com/fetch.worker.4c73681d.js was preloaded using link preload but not used within a few seconds from the window's load event. Please make sure it has an appropriate `as` value and it is preloaded intentionally. @ https://stackblitz.com/headless?version=1.6.1:0
[   30217ms] RuntimeError: table index is out of bounds
    at alacritty_web.wasm.__wbg_requestAnimationFrame_ddc84a7def436784 externref shim (http://localhost:5191/pkg/alacritty_web_bg.wasm:wasm-function[40693]:0x7a6f5e)
    at alacritty_web.wasm.web_sys::features::gen_Window::Window::request_animation_frame::h37dc9ff35b7b537c (http://localhost:5191/pkg/alacritty_web_bg.wasm:wasm-function[5942]:0x48e30a)
    at alacritty_web.wasm.alacritty_web::AlacrittyTerminal::start_render_loop::{{closure}}::h46039f96115e1700 (http://localhost:5191/pkg/alacritty_web_bg.wasm:wasm-function[1113]:0x21cb3e)
    at alacritty_web.wasm.wasm_bindgen::convert::closures::_::invoke::h5f675cc7ab96c2a4 (http://localhost:5191/pkg/alacritty_web_bg.wasm:wasm-function[19656]:0x6aa923)
    at __wbg_adapter_6 (http://localhost:5191/pkg/alacritty_web.js:346:10)
    at real (http://localhost:5191/pkg/alacritty_web.js:281:20)
[   30218ms] RuntimeError: table index is out of bounds
    at alacritty_web.wasm.__wbg_requestAnimationFrame_ddc84a7def436784 externref shim (http://localhost:5191/pkg/alacritty_web_bg.wasm:wasm-function[40693]:0x7a6f5e)
    at alacritty_web.wasm.web_sys::features::gen_Window::Window::request_animation_frame::h37dc9ff35b7b537c (http://localhost:5191/pkg/alacritty_web_bg.wasm:wasm-function[5942]:0x48e30a)
    at alacritty_web.wasm.alacritty_web::AlacrittyTerminal::start_render_loop::{{closure}}::h46039f96115e1700 (http://localhost:5191/pkg/alacritty_web_bg.wasm:wasm-function[1113]:0x21cb3e)
    at alacritty_web.wasm.wasm_bindgen::convert::closures::_::invoke::h5f675cc7ab96c2a4 (http://localhost:5191/pkg/alacritty_web_bg.wasm:wasm-function[19656]:0x6aa923)
    at __wbg_adapter_6 (http://localhost:5191/pkg/alacritty_web.js:346:10)
    at real (http://localhost:5191/pkg/alacritty_web.js:281:20)
[   30218ms] RuntimeError: table index is out of bounds
    at alacritty_web.wasm.__wbg_requestAnimationFrame_ddc84a7def436784 externref shim (http://localhost:5191/pkg/alacritty_web_bg.wasm:wasm-function[40693]:0x7a6f5e)
    at alacritty_web.wasm.web_sys::features::gen_Window::Window::request_animation_frame::h37dc9ff35b7b537c (http://localhost:5191/pkg/alacritty_web_bg.wasm:wasm-function[5942]:0x48e30a)
    at alacritty_web.wasm.alacritty_web::AlacrittyTerminal::start_render_loop::{{closure}}::h46039f96115e1700 (http://localhost:5191/pkg/alacritty_web_bg.wasm:wasm-function[1113]:0x21cb3e)
    at alacritty_web.wasm.wasm_bindgen::convert::closures::_::invoke::h5f675cc7ab96c2a4 (http://localhost:5191/pkg/alacritty_web_bg.wasm:wasm-function[19656]:0x6aa923)
    at __wbg_adapter_6 (http://localhost:5191/pkg/alacritty_web.js:346:10)
    at real (http://localhost:5191/pkg/alacritty_web.js:281:20)
[   83448ms] RuntimeError: memory access out of bounds
    at alacritty_web.wasm.dlmalloc::dlmalloc::Dlmalloc<A>::malloc::he97e96981fab807e (http://localhost:5191/pkg/alacritty_web_bg.wasm:wasm-function[789]:0x1422ae)
    at alacritty_web.wasm.__rustc[16f1505adc47261a]::__rdl_alloc (http://localhost:5191/pkg/alacritty_web_bg.wasm:wasm-function[38969]:0x79dbb1)
    at alacritty_web.wasm.__rustc[16f1505adc47261a]::__rust_alloc (http://localhost:5191/pkg/alacritty_web_bg.wasm:wasm-function[40745]:0x7a721a)
    at alacritty_web.wasm.alloc::raw_vec::RawVecInner<A>::finish_grow::h3f58234d4b0bf44e (http://localhost:5191/pkg/alacritty_web_bg.wasm:wasm-function[14184]:0x61678e)
    at alacritty_web.wasm.alloc::raw_vec::RawVecInner<A>::reserve::do_reserve_and_handle::h4a4baaf90ee85523 (http://localhost:5191/pkg/alacritty_web_bg.wasm:wasm-function[12804]:0x5e6b0e)
    at alacritty_web.wasm.<alloc::string::String as core::fmt::Write>::write_str::he0f136bfd437b8d6 (http://localhost:5191/pkg/alacritty_web_bg.wasm:wasm-function[21415]:0x6cd72c)
    at alacritty_web.wasm.core::fmt::Formatter::write_formatted_parts::h6b7de073ecd0899c (http://localhost:5191/pkg/alacritty_web_bg.wasm:wasm-function[2437]:0x33436d)
    at alacritty_web.wasm.core::fmt::Formatter::pad_formatted_parts::hba4ee7ec573a5615 (http://localhost:5191/pkg/alacritty_web_bg.wasm:wasm-function[2286]:0x31dbaa)
    at alacritty_web.wasm.core::fmt::float::float_to_decimal_common_shortest::hb16824d959bfc012 (http://localhost:5191/pkg/alacritty_web_bg.wasm:wasm-function[1752]:0x2c31ca)
    at alacritty_web.wasm.core::fmt::float::<impl core::fmt::Display for f32>::fmt::hefd85fb8206a856a (http://localhost:5191/pkg/alacritty_web_bg.wasm:wasm-function[23351]:0x6eefa9)
