[      53ms] [ERROR] Failed to load resource: the server responded with a status of 404 (Not Found) @ http://localhost:5191/favicon.png:0
[     345ms] [INFO] Initializing AlacrittyTerminal @ http://localhost:5191/pkg/alacritty_web.js:1608
[     841ms] [INFO] Canvas2D renderer: cell=8x17, dpr=1, canvas=388x300 @ http://localhost:5191/pkg/alacritty_web.js:1608
[     842ms] [INFO] Initial grid: 48x17 @ http://localhost:5191/pkg/alacritty_web.js:1608
[     844ms] [INFO] wgpu upgrade not requested, using Canvas 2D @ http://localhost:5191/pkg/alacritty_web.js:1608
[     847ms] [INFO] Initializing AlacrittyTerminal @ http://localhost:5191/pkg/alacritty_web.js:1608
[     847ms] [INFO] Canvas2D renderer: cell=8x17, dpr=1, canvas=388x300 @ http://localhost:5191/pkg/alacritty_web.js:1608
[     848ms] [INFO] Initial grid: 48x17 @ http://localhost:5191/pkg/alacritty_web.js:1608
[     848ms] [INFO] wgpu upgrade not requested, using Canvas 2D @ http://localhost:5191/pkg/alacritty_web.js:1608
[     848ms] [INFO] Initializing AlacrittyTerminal @ http://localhost:5191/pkg/alacritty_web.js:1608
[     849ms] [INFO] Canvas2D renderer: cell=8x17, dpr=1, canvas=388x300 @ http://localhost:5191/pkg/alacritty_web.js:1608
[     849ms] [INFO] Initial grid: 48x17 @ http://localhost:5191/pkg/alacritty_web.js:1608
[     849ms] [INFO] wgpu upgrade not requested, using Canvas 2D @ http://localhost:5191/pkg/alacritty_web.js:1608
[     850ms] [INFO] Initializing AlacrittyTerminal @ http://localhost:5191/pkg/alacritty_web.js:1608
[     850ms] [INFO] Canvas2D renderer: cell=8x17, dpr=1, canvas=388x300 @ http://localhost:5191/pkg/alacritty_web.js:1608
[     851ms] [INFO] Initial grid: 48x17 @ http://localhost:5191/pkg/alacritty_web.js:1608
[     851ms] [INFO] wgpu upgrade not requested, using Canvas 2D @ http://localhost:5191/pkg/alacritty_web.js:1608
[     851ms] [INFO] Initializing AlacrittyTerminal @ http://localhost:5191/pkg/alacritty_web.js:1608
[     852ms] [INFO] Canvas2D renderer: cell=8x17, dpr=1, canvas=388x300 @ http://localhost:5191/pkg/alacritty_web.js:1608
[     852ms] [INFO] Initial grid: 48x17 @ http://localhost:5191/pkg/alacritty_web.js:1608
[     852ms] [INFO] wgpu upgrade not requested, using Canvas 2D @ http://localhost:5191/pkg/alacritty_web.js:1608
[     853ms] [INFO] Initializing AlacrittyTerminal @ http://localhost:5191/pkg/alacritty_web.js:1608
[     853ms] [INFO] Canvas2D renderer: cell=8x17, dpr=1, canvas=388x300 @ http://localhost:5191/pkg/alacritty_web.js:1608
[     853ms] [INFO] Initial grid: 48x17 @ http://localhost:5191/pkg/alacritty_web.js:1608
[     854ms] [INFO] wgpu upgrade not requested, using Canvas 2D @ http://localhost:5191/pkg/alacritty_web.js:1608
[     854ms] [INFO] Initializing AlacrittyTerminal @ http://localhost:5191/pkg/alacritty_web.js:1608
[     854ms] [INFO] Canvas2D renderer: cell=8x17, dpr=1, canvas=388x300 @ http://localhost:5191/pkg/alacritty_web.js:1608
[     855ms] [INFO] Initial grid: 48x17 @ http://localhost:5191/pkg/alacritty_web.js:1608
[     855ms] [INFO] wgpu upgrade not requested, using Canvas 2D @ http://localhost:5191/pkg/alacritty_web.js:1608
[     855ms] [INFO] Initializing AlacrittyTerminal @ http://localhost:5191/pkg/alacritty_web.js:1608
[     855ms] [INFO] Canvas2D renderer: cell=8x17, dpr=1, canvas=388x300 @ http://localhost:5191/pkg/alacritty_web.js:1608
[     856ms] [INFO] Initial grid: 48x17 @ http://localhost:5191/pkg/alacritty_web.js:1608
[     856ms] [INFO] wgpu upgrade not requested, using Canvas 2D @ http://localhost:5191/pkg/alacritty_web.js:1608
[     856ms] [INFO] Initializing AlacrittyTerminal @ http://localhost:5191/pkg/alacritty_web.js:1608
[     857ms] [INFO] Canvas2D renderer: cell=8x17, dpr=1, canvas=388x300 @ http://localhost:5191/pkg/alacritty_web.js:1608
[     857ms] [INFO] Initial grid: 48x17 @ http://localhost:5191/pkg/alacritty_web.js:1608
[     857ms] [INFO] wgpu upgrade not requested, using Canvas 2D @ http://localhost:5191/pkg/alacritty_web.js:1608
[   12285ms] [INFO] Initializing AlacrittyTerminal @ http://localhost:5191/pkg/alacritty_web.js:1608
[   12286ms] [INFO] Canvas2D renderer: cell=8x17, dpr=1, canvas=469x300 @ http://localhost:5191/pkg/alacritty_web.js:1608
[   12287ms] [INFO] Initial grid: 58x17 @ http://localhost:5191/pkg/alacritty_web.js:1608
[   12287ms] [INFO] wgpu upgrade not requested, using Canvas 2D @ http://localhost:5191/pkg/alacritty_web.js:1608
[   12288ms] [INFO] Initializing AlacrittyTerminal @ http://localhost:5191/pkg/alacritty_web.js:1608
[   12289ms] [INFO] Canvas2D renderer: cell=8x17, dpr=1, canvas=469x300 @ http://localhost:5191/pkg/alacritty_web.js:1608
[   12289ms] [INFO] Initial grid: 58x17 @ http://localhost:5191/pkg/alacritty_web.js:1608
[   12289ms] [INFO] wgpu upgrade not requested, using Canvas 2D @ http://localhost:5191/pkg/alacritty_web.js:1608
[   12290ms] [INFO] Initializing AlacrittyTerminal @ http://localhost:5191/pkg/alacritty_web.js:1608
[   12291ms] [INFO] Canvas2D renderer: cell=8x17, dpr=1, canvas=469x300 @ http://localhost:5191/pkg/alacritty_web.js:1608
[   12291ms] [INFO] Initial grid: 58x17 @ http://localhost:5191/pkg/alacritty_web.js:1608
[   12294ms] [INFO] wgpu upgrade not requested, using Canvas 2D @ http://localhost:5191/pkg/alacritty_web.js:1608
[   12295ms] [INFO] Initializing AlacrittyTerminal @ http://localhost:5191/pkg/alacritty_web.js:1608
[   12296ms] [INFO] Canvas2D renderer: cell=8x17, dpr=1, canvas=469x300 @ http://localhost:5191/pkg/alacritty_web.js:1608
[   12296ms] [INFO] Initial grid: 58x17 @ http://localhost:5191/pkg/alacritty_web.js:1608
[   12296ms] [INFO] wgpu upgrade not requested, using Canvas 2D @ http://localhost:5191/pkg/alacritty_web.js:1608
[   12297ms] [INFO] Initializing AlacrittyTerminal @ http://localhost:5191/pkg/alacritty_web.js:1608
[   12297ms] [INFO] Canvas2D renderer: cell=8x17, dpr=1, canvas=469x300 @ http://localhost:5191/pkg/alacritty_web.js:1608
[   12297ms] [INFO] Initial grid: 58x17 @ http://localhost:5191/pkg/alacritty_web.js:1608
[   12298ms] [INFO] wgpu upgrade not requested, using Canvas 2D @ http://localhost:5191/pkg/alacritty_web.js:1608
[   12298ms] [INFO] Initializing AlacrittyTerminal @ http://localhost:5191/pkg/alacritty_web.js:1608
[   12299ms] [INFO] Canvas2D renderer: cell=8x17, dpr=1, canvas=469x300 @ http://localhost:5191/pkg/alacritty_web.js:1608
[   12299ms] [INFO] Initial grid: 58x17 @ http://localhost:5191/pkg/alacritty_web.js:1608
[   12299ms] [INFO] wgpu upgrade not requested, using Canvas 2D @ http://localhost:5191/pkg/alacritty_web.js:1608
[   12299ms] [INFO] Initializing AlacrittyTerminal @ http://localhost:5191/pkg/alacritty_web.js:1608
[   12300ms] [INFO] Canvas2D renderer: cell=8x17, dpr=1, canvas=469x300 @ http://localhost:5191/pkg/alacritty_web.js:1608
[   12300ms] [INFO] Initial grid: 58x17 @ http://localhost:5191/pkg/alacritty_web.js:1608
[   12301ms] [INFO] wgpu upgrade not requested, using Canvas 2D @ http://localhost:5191/pkg/alacritty_web.js:1608
[   12301ms] [INFO] Initializing AlacrittyTerminal @ http://localhost:5191/pkg/alacritty_web.js:1608
[   12301ms] [INFO] Canvas2D renderer: cell=8x17, dpr=1, canvas=469x300 @ http://localhost:5191/pkg/alacritty_web.js:1608
[   12302ms] [INFO] Initial grid: 58x17 @ http://localhost:5191/pkg/alacritty_web.js:1608
[   12302ms] [INFO] wgpu upgrade not requested, using Canvas 2D @ http://localhost:5191/pkg/alacritty_web.js:1608
[   12302ms] [INFO] Initializing AlacrittyTerminal @ http://localhost:5191/pkg/alacritty_web.js:1608
[   12303ms] [INFO] Canvas2D renderer: cell=8x17, dpr=1, canvas=469x300 @ http://localhost:5191/pkg/alacritty_web.js:1608
[   12303ms] [INFO] Initial grid: 58x17 @ http://localhost:5191/pkg/alacritty_web.js:1608
[   12303ms] [INFO] wgpu upgrade not requested, using Canvas 2D @ http://localhost:5191/pkg/alacritty_web.js:1608
[   13497ms] [INFO] Initializing AlacrittyTerminal @ http://localhost:5191/pkg/alacritty_web.js:1608
[   13498ms] [INFO] Canvas2D renderer: cell=8x17, dpr=1, canvas=471x300 @ http://localhost:5191/pkg/alacritty_web.js:1608
[   13498ms] [INFO] Initial grid: 58x17 @ http://localhost:5191/pkg/alacritty_web.js:1608
[   13498ms] [INFO] wgpu upgrade not requested, using Canvas 2D @ http://localhost:5191/pkg/alacritty_web.js:1608
[   13499ms] [INFO] Initializing AlacrittyTerminal @ http://localhost:5191/pkg/alacritty_web.js:1608
[   13499ms] [INFO] Canvas2D renderer: cell=8x17, dpr=1, canvas=471x300 @ http://localhost:5191/pkg/alacritty_web.js:1608
[   13500ms] [INFO] Initial grid: 58x17 @ http://localhost:5191/pkg/alacritty_web.js:1608
[   13500ms] [INFO] wgpu upgrade not requested, using Canvas 2D @ http://localhost:5191/pkg/alacritty_web.js:1608
[   13500ms] [INFO] Initializing AlacrittyTerminal @ http://localhost:5191/pkg/alacritty_web.js:1608
[   13501ms] [INFO] Canvas2D renderer: cell=8x17, dpr=1, canvas=471x300 @ http://localhost:5191/pkg/alacritty_web.js:1608
[   13501ms] [INFO] Initial grid: 58x17 @ http://localhost:5191/pkg/alacritty_web.js:1608
[   13501ms] [INFO] wgpu upgrade not requested, using Canvas 2D @ http://localhost:5191/pkg/alacritty_web.js:1608
[   13502ms] [INFO] Initializing AlacrittyTerminal @ http://localhost:5191/pkg/alacritty_web.js:1608
[   13502ms] [INFO] Canvas2D renderer: cell=8x17, dpr=1, canvas=471x300 @ http://localhost:5191/pkg/alacritty_web.js:1608
[   13503ms] [INFO] Initial grid: 58x17 @ http://localhost:5191/pkg/alacritty_web.js:1608
[   13504ms] [INFO] wgpu upgrade not requested, using Canvas 2D @ http://localhost:5191/pkg/alacritty_web.js:1608
[   13505ms] [INFO] Initializing AlacrittyTerminal @ http://localhost:5191/pkg/alacritty_web.js:1608
[   13505ms] [INFO] Canvas2D renderer: cell=8x17, dpr=1, canvas=471x300 @ http://localhost:5191/pkg/alacritty_web.js:1608
[   13506ms] [INFO] Initial grid: 58x17 @ http://localhost:5191/pkg/alacritty_web.js:1608
[   13506ms] [INFO] wgpu upgrade not requested, using Canvas 2D @ http://localhost:5191/pkg/alacritty_web.js:1608
[   13506ms] [INFO] Initializing AlacrittyTerminal @ http://localhost:5191/pkg/alacritty_web.js:1608
[   13507ms] [INFO] Canvas2D renderer: cell=8x17, dpr=1, canvas=471x300 @ http://localhost:5191/pkg/alacritty_web.js:1608
[   13507ms] [INFO] Initial grid: 58x17 @ http://localhost:5191/pkg/alacritty_web.js:1608
[   13507ms] [INFO] wgpu upgrade not requested, using Canvas 2D @ http://localhost:5191/pkg/alacritty_web.js:1608
[   13507ms] [INFO] Initializing AlacrittyTerminal @ http://localhost:5191/pkg/alacritty_web.js:1608
[   13508ms] [INFO] Canvas2D renderer: cell=8x17, dpr=1, canvas=471x300 @ http://localhost:5191/pkg/alacritty_web.js:1608
[   13508ms] [INFO] Initial grid: 58x17 @ http://localhost:5191/pkg/alacritty_web.js:1608
[   13509ms] [INFO] wgpu upgrade not requested, using Canvas 2D @ http://localhost:5191/pkg/alacritty_web.js:1608
[   13509ms] [INFO] Initializing AlacrittyTerminal @ http://localhost:5191/pkg/alacritty_web.js:1608
[   13509ms] [INFO] Canvas2D renderer: cell=8x17, dpr=1, canvas=471x300 @ http://localhost:5191/pkg/alacritty_web.js:1608
[   13510ms] [INFO] Initial grid: 58x17 @ http://localhost:5191/pkg/alacritty_web.js:1608
[   13510ms] [INFO] wgpu upgrade not requested, using Canvas 2D @ http://localhost:5191/pkg/alacritty_web.js:1608
[   13511ms] [INFO] Initializing AlacrittyTerminal @ http://localhost:5191/pkg/alacritty_web.js:1608
[   13511ms] [INFO] Canvas2D renderer: cell=8x17, dpr=1, canvas=471x300 @ http://localhost:5191/pkg/alacritty_web.js:1608
[   13511ms] [INFO] Initial grid: 58x17 @ http://localhost:5191/pkg/alacritty_web.js:1608
[   13512ms] [INFO] wgpu upgrade not requested, using Canvas 2D @ http://localhost:5191/pkg/alacritty_web.js:1608
[   14637ms] [INFO] Initializing AlacrittyTerminal @ http://localhost:5191/pkg/alacritty_web.js:1608
[   14638ms] [INFO] Canvas2D renderer: cell=8x17, dpr=1, canvas=469x300 @ http://localhost:5191/pkg/alacritty_web.js:1608
[   14638ms] [INFO] Initial grid: 58x17 @ http://localhost:5191/pkg/alacritty_web.js:1608
[   14639ms] [INFO] wgpu upgrade not requested, using Canvas 2D @ http://localhost:5191/pkg/alacritty_web.js:1608
[   14639ms] [INFO] Initializing AlacrittyTerminal @ http://localhost:5191/pkg/alacritty_web.js:1608
[   14640ms] [INFO] Canvas2D renderer: cell=8x17, dpr=1, canvas=469x300 @ http://localhost:5191/pkg/alacritty_web.js:1608
[   14640ms] [INFO] Initial grid: 58x17 @ http://localhost:5191/pkg/alacritty_web.js:1608
[   14640ms] [INFO] wgpu upgrade not requested, using Canvas 2D @ http://localhost:5191/pkg/alacritty_web.js:1608
[   14640ms] [INFO] Initializing AlacrittyTerminal @ http://localhost:5191/pkg/alacritty_web.js:1608
[   14641ms] [INFO] Canvas2D renderer: cell=8x17, dpr=1, canvas=469x300 @ http://localhost:5191/pkg/alacritty_web.js:1608
[   14641ms] [INFO] Initial grid: 58x17 @ http://localhost:5191/pkg/alacritty_web.js:1608
[   14641ms] [INFO] wgpu upgrade not requested, using Canvas 2D @ http://localhost:5191/pkg/alacritty_web.js:1608
[   14641ms] [INFO] Initializing AlacrittyTerminal @ http://localhost:5191/pkg/alacritty_web.js:1608
[   14642ms] [INFO] Canvas2D renderer: cell=8x17, dpr=1, canvas=469x300 @ http://localhost:5191/pkg/alacritty_web.js:1608
[   14642ms] [INFO] Initial grid: 58x17 @ http://localhost:5191/pkg/alacritty_web.js:1608
[   14643ms] [INFO] wgpu upgrade not requested, using Canvas 2D @ http://localhost:5191/pkg/alacritty_web.js:1608
[   14643ms] [INFO] Initializing AlacrittyTerminal @ http://localhost:5191/pkg/alacritty_web.js:1608
[   14644ms] [INFO] Canvas2D renderer: cell=8x17, dpr=1, canvas=469x300 @ http://localhost:5191/pkg/alacritty_web.js:1608
[   14644ms] [INFO] Initial grid: 58x17 @ http://localhost:5191/pkg/alacritty_web.js:1608
[   14644ms] [INFO] wgpu upgrade not requested, using Canvas 2D @ http://localhost:5191/pkg/alacritty_web.js:1608
[   14645ms] [INFO] Initializing AlacrittyTerminal @ http://localhost:5191/pkg/alacritty_web.js:1608
[   14645ms] [INFO] Canvas2D renderer: cell=8x17, dpr=1, canvas=469x300 @ http://localhost:5191/pkg/alacritty_web.js:1608
[   14645ms] [INFO] Initial grid: 58x17 @ http://localhost:5191/pkg/alacritty_web.js:1608
[   14645ms] [INFO] wgpu upgrade not requested, using Canvas 2D @ http://localhost:5191/pkg/alacritty_web.js:1608
[   14646ms] [INFO] Initializing AlacrittyTerminal @ http://localhost:5191/pkg/alacritty_web.js:1608
[   14646ms] [INFO] Canvas2D renderer: cell=8x17, dpr=1, canvas=469x300 @ http://localhost:5191/pkg/alacritty_web.js:1608
[   14647ms] [INFO] Initial grid: 58x17 @ http://localhost:5191/pkg/alacritty_web.js:1608
[   14647ms] [INFO] wgpu upgrade not requested, using Canvas 2D @ http://localhost:5191/pkg/alacritty_web.js:1608
[   14647ms] [INFO] Initializing AlacrittyTerminal @ http://localhost:5191/pkg/alacritty_web.js:1608
[   14648ms] [INFO] Canvas2D renderer: cell=8x17, dpr=1, canvas=469x300 @ http://localhost:5191/pkg/alacritty_web.js:1608
[   14648ms] [INFO] Initial grid: 58x17 @ http://localhost:5191/pkg/alacritty_web.js:1608
[   14648ms] [INFO] wgpu upgrade not requested, using Canvas 2D @ http://localhost:5191/pkg/alacritty_web.js:1608
[   14648ms] [INFO] Initializing AlacrittyTerminal @ http://localhost:5191/pkg/alacritty_web.js:1608
[   14649ms] [INFO] Canvas2D renderer: cell=8x17, dpr=1, canvas=469x300 @ http://localhost:5191/pkg/alacritty_web.js:1608
[   14649ms] [INFO] Initial grid: 58x17 @ http://localhost:5191/pkg/alacritty_web.js:1608
[   14649ms] [INFO] wgpu upgrade not requested, using Canvas 2D @ http://localhost:5191/pkg/alacritty_web.js:1608
[   22688ms] [INFO] Initializing AlacrittyTerminal @ http://localhost:5191/pkg/alacritty_web.js:1608
[   22689ms] [INFO] Canvas2D renderer: cell=8x17, dpr=1, canvas=471x300 @ http://localhost:5191/pkg/alacritty_web.js:1608
[   22690ms] [INFO] Initial grid: 58x17 @ http://localhost:5191/pkg/alacritty_web.js:1608
[   22690ms] [INFO] wgpu upgrade not requested, using Canvas 2D @ http://localhost:5191/pkg/alacritty_web.js:1608
[   22691ms] [INFO] Initializing AlacrittyTerminal @ http://localhost:5191/pkg/alacritty_web.js:1608
[   22691ms] [INFO] Canvas2D renderer: cell=8x17, dpr=1, canvas=471x300 @ http://localhost:5191/pkg/alacritty_web.js:1608
[   22691ms] [INFO] Initial grid: 58x17 @ http://localhost:5191/pkg/alacritty_web.js:1608
[   22692ms] [INFO] wgpu upgrade not requested, using Canvas 2D @ http://localhost:5191/pkg/alacritty_web.js:1608
[   22692ms] [INFO] Initializing AlacrittyTerminal @ http://localhost:5191/pkg/alacritty_web.js:1608
[   22693ms] [INFO] Canvas2D renderer: cell=8x17, dpr=1, canvas=471x300 @ http://localhost:5191/pkg/alacritty_web.js:1608
[   22693ms] [INFO] Initial grid: 58x17 @ http://localhost:5191/pkg/alacritty_web.js:1608
[   22694ms] [INFO] wgpu upgrade not requested, using Canvas 2D @ http://localhost:5191/pkg/alacritty_web.js:1608
[   22695ms] [INFO] Initializing AlacrittyTerminal @ http://localhost:5191/pkg/alacritty_web.js:1608
[   22695ms] [INFO] Canvas2D renderer: cell=8x17, dpr=1, canvas=471x300 @ http://localhost:5191/pkg/alacritty_web.js:1608
[   22695ms] [INFO] Initial grid: 58x17 @ http://localhost:5191/pkg/alacritty_web.js:1608
[   22696ms] [INFO] wgpu upgrade not requested, using Canvas 2D @ http://localhost:5191/pkg/alacritty_web.js:1608
[   22696ms] [INFO] Initializing AlacrittyTerminal @ http://localhost:5191/pkg/alacritty_web.js:1608
[   22697ms] [INFO] Canvas2D renderer: cell=8x17, dpr=1, canvas=471x300 @ http://localhost:5191/pkg/alacritty_web.js:1608
[   22697ms] [INFO] Initial grid: 58x17 @ http://localhost:5191/pkg/alacritty_web.js:1608
[   22697ms] [INFO] wgpu upgrade not requested, using Canvas 2D @ http://localhost:5191/pkg/alacritty_web.js:1608
[   22698ms] [INFO] Initializing AlacrittyTerminal @ http://localhost:5191/pkg/alacritty_web.js:1608
[   22699ms] [INFO] Canvas2D renderer: cell=8x17, dpr=1, canvas=471x300 @ http://localhost:5191/pkg/alacritty_web.js:1608
[   22699ms] [INFO] Initial grid: 58x17 @ http://localhost:5191/pkg/alacritty_web.js:1608
[   22699ms] [INFO] wgpu upgrade not requested, using Canvas 2D @ http://localhost:5191/pkg/alacritty_web.js:1608
[   22699ms] [INFO] Initializing AlacrittyTerminal @ http://localhost:5191/pkg/alacritty_web.js:1608
[   22700ms] [INFO] Canvas2D renderer: cell=8x17, dpr=1, canvas=471x300 @ http://localhost:5191/pkg/alacritty_web.js:1608
[   22700ms] [INFO] Initial grid: 58x17 @ http://localhost:5191/pkg/alacritty_web.js:1608
[   22700ms] [INFO] wgpu upgrade not requested, using Canvas 2D @ http://localhost:5191/pkg/alacritty_web.js:1608
[   22700ms] [INFO] Initializing AlacrittyTerminal @ http://localhost:5191/pkg/alacritty_web.js:1608
[   22701ms] [INFO] Canvas2D renderer: cell=8x17, dpr=1, canvas=471x300 @ http://localhost:5191/pkg/alacritty_web.js:1608
[   22701ms] [INFO] Initial grid: 58x17 @ http://localhost:5191/pkg/alacritty_web.js:1608
[   22701ms] [INFO] wgpu upgrade not requested, using Canvas 2D @ http://localhost:5191/pkg/alacritty_web.js:1608
[   22702ms] [INFO] Initializing AlacrittyTerminal @ http://localhost:5191/pkg/alacritty_web.js:1608
[   22702ms] [INFO] Canvas2D renderer: cell=8x17, dpr=1, canvas=471x300 @ http://localhost:5191/pkg/alacritty_web.js:1608
[   22702ms] [INFO] Initial grid: 58x17 @ http://localhost:5191/pkg/alacritty_web.js:1608
[   22702ms] [INFO] wgpu upgrade not requested, using Canvas 2D @ http://localhost:5191/pkg/alacritty_web.js:1608
[   23302ms] [INFO] Initializing AlacrittyTerminal @ http://localhost:5191/pkg/alacritty_web.js:1608
[   23303ms] [INFO] Canvas2D renderer: cell=8x17, dpr=1, canvas=469x300 @ http://localhost:5191/pkg/alacritty_web.js:1608
[   23304ms] [INFO] Initial grid: 58x17 @ http://localhost:5191/pkg/alacritty_web.js:1608
[   23304ms] [INFO] wgpu upgrade not requested, using Canvas 2D @ http://localhost:5191/pkg/alacritty_web.js:1608
[   23304ms] [INFO] Initializing AlacrittyTerminal @ http://localhost:5191/pkg/alacritty_web.js:1608
[   23305ms] [INFO] Canvas2D renderer: cell=8x17, dpr=1, canvas=469x300 @ http://localhost:5191/pkg/alacritty_web.js:1608
[   23305ms] [INFO] Initial grid: 58x17 @ http://localhost:5191/pkg/alacritty_web.js:1608
[   23306ms] [INFO] wgpu upgrade not requested, using Canvas 2D @ http://localhost:5191/pkg/alacritty_web.js:1608
[   23306ms] [INFO] Initializing AlacrittyTerminal @ http://localhost:5191/pkg/alacritty_web.js:1608
[   23306ms] [INFO] Canvas2D renderer: cell=8x17, dpr=1, canvas=469x300 @ http://localhost:5191/pkg/alacritty_web.js:1608
[   23307ms] [INFO] Initial grid: 58x17 @ http://localhost:5191/pkg/alacritty_web.js:1608
[   23307ms] [INFO] wgpu upgrade not requested, using Canvas 2D @ http://localhost:5191/pkg/alacritty_web.js:1608
[   23308ms] [INFO] Initializing AlacrittyTerminal @ http://localhost:5191/pkg/alacritty_web.js:1608
[   23309ms] [INFO] Canvas2D renderer: cell=8x17, dpr=1, canvas=469x300 @ http://localhost:5191/pkg/alacritty_web.js:1608
[   23309ms] [INFO] Initial grid: 58x17 @ http://localhost:5191/pkg/alacritty_web.js:1608
[   23309ms] [INFO] wgpu upgrade not requested, using Canvas 2D @ http://localhost:5191/pkg/alacritty_web.js:1608
[   23309ms] [INFO] Initializing AlacrittyTerminal @ http://localhost:5191/pkg/alacritty_web.js:1608
[   23310ms] [INFO] Canvas2D renderer: cell=8x17, dpr=1, canvas=469x300 @ http://localhost:5191/pkg/alacritty_web.js:1608
[   23310ms] [INFO] Initial grid: 58x17 @ http://localhost:5191/pkg/alacritty_web.js:1608
[   23310ms] [INFO] wgpu upgrade not requested, using Canvas 2D @ http://localhost:5191/pkg/alacritty_web.js:1608
[   23311ms] [INFO] Initializing AlacrittyTerminal @ http://localhost:5191/pkg/alacritty_web.js:1608
[   23311ms] [INFO] Canvas2D renderer: cell=8x17, dpr=1, canvas=469x300 @ http://localhost:5191/pkg/alacritty_web.js:1608
[   23312ms] [INFO] Initial grid: 58x17 @ http://localhost:5191/pkg/alacritty_web.js:1608
[   23312ms] [INFO] wgpu upgrade not requested, using Canvas 2D @ http://localhost:5191/pkg/alacritty_web.js:1608
[   23312ms] [INFO] Initializing AlacrittyTerminal @ http://localhost:5191/pkg/alacritty_web.js:1608
[   23313ms] [INFO] Canvas2D renderer: cell=8x17, dpr=1, canvas=469x300 @ http://localhost:5191/pkg/alacritty_web.js:1608
[   23313ms] [INFO] Initial grid: 58x17 @ http://localhost:5191/pkg/alacritty_web.js:1608
[   23315ms] [INFO] wgpu upgrade not requested, using Canvas 2D @ http://localhost:5191/pkg/alacritty_web.js:1608
[   23317ms] [INFO] Initializing AlacrittyTerminal @ http://localhost:5191/pkg/alacritty_web.js:1608
[   23317ms] [INFO] Canvas2D renderer: cell=8x17, dpr=1, canvas=469x300 @ http://localhost:5191/pkg/alacritty_web.js:1608
[   23318ms] [INFO] Initial grid: 58x17 @ http://localhost:5191/pkg/alacritty_web.js:1608
[   23318ms] [INFO] wgpu upgrade not requested, using Canvas 2D @ http://localhost:5191/pkg/alacritty_web.js:1608
[   23319ms] [INFO] Initializing AlacrittyTerminal @ http://localhost:5191/pkg/alacritty_web.js:1608
[   23320ms] [INFO] Canvas2D renderer: cell=8x17, dpr=1, canvas=469x300 @ http://localhost:5191/pkg/alacritty_web.js:1608
[   23320ms] [INFO] Initial grid: 58x17 @ http://localhost:5191/pkg/alacritty_web.js:1608
[   23320ms] [INFO] wgpu upgrade not requested, using Canvas 2D @ http://localhost:5191/pkg/alacritty_web.js:1608
[   24030ms] [INFO] Initializing AlacrittyTerminal @ http://localhost:5191/pkg/alacritty_web.js:1608
[   24032ms] [INFO] Canvas2D renderer: cell=8x17, dpr=1, canvas=469x300 @ http://localhost:5191/pkg/alacritty_web.js:1608
[   24032ms] [INFO] Initial grid: 58x17 @ http://localhost:5191/pkg/alacritty_web.js:1608
[   24032ms] [INFO] wgpu upgrade not requested, using Canvas 2D @ http://localhost:5191/pkg/alacritty_web.js:1608
[   24033ms] [INFO] Initializing AlacrittyTerminal @ http://localhost:5191/pkg/alacritty_web.js:1608
[   24033ms] [INFO] Canvas2D renderer: cell=8x17, dpr=1, canvas=469x300 @ http://localhost:5191/pkg/alacritty_web.js:1608
[   24033ms] [INFO] Initial grid: 58x17 @ http://localhost:5191/pkg/alacritty_web.js:1608
[   24033ms] [INFO] wgpu upgrade not requested, using Canvas 2D @ http://localhost:5191/pkg/alacritty_web.js:1608
[   24034ms] [INFO] Initializing AlacrittyTerminal @ http://localhost:5191/pkg/alacritty_web.js:1608
[   24035ms] [INFO] Canvas2D renderer: cell=8x17, dpr=1, canvas=469x300 @ http://localhost:5191/pkg/alacritty_web.js:1608
[   24035ms] [INFO] Initial grid: 58x17 @ http://localhost:5191/pkg/alacritty_web.js:1608
[   24035ms] [INFO] wgpu upgrade not requested, using Canvas 2D @ http://localhost:5191/pkg/alacritty_web.js:1608
[   24035ms] [INFO] Initializing AlacrittyTerminal @ http://localhost:5191/pkg/alacritty_web.js:1608
[   24036ms] [INFO] Canvas2D renderer: cell=8x17, dpr=1, canvas=469x300 @ http://localhost:5191/pkg/alacritty_web.js:1608
[   24036ms] [INFO] Initial grid: 58x17 @ http://localhost:5191/pkg/alacritty_web.js:1608
[   24037ms] [INFO] wgpu upgrade not requested, using Canvas 2D @ http://localhost:5191/pkg/alacritty_web.js:1608
[   24037ms] [INFO] Initializing AlacrittyTerminal @ http://localhost:5191/pkg/alacritty_web.js:1608
[   24038ms] [INFO] Canvas2D renderer: cell=8x17, dpr=1, canvas=469x300 @ http://localhost:5191/pkg/alacritty_web.js:1608
[   24038ms] [INFO] Initial grid: 58x17 @ http://localhost:5191/pkg/alacritty_web.js:1608
[   24038ms] [INFO] wgpu upgrade not requested, using Canvas 2D @ http://localhost:5191/pkg/alacritty_web.js:1608
[   24038ms] [INFO] Initializing AlacrittyTerminal @ http://localhost:5191/pkg/alacritty_web.js:1608
[   24039ms] [INFO] Canvas2D renderer: cell=8x17, dpr=1, canvas=469x300 @ http://localhost:5191/pkg/alacritty_web.js:1608
[   24039ms] [INFO] Initial grid: 58x17 @ http://localhost:5191/pkg/alacritty_web.js:1608
[   24039ms] [INFO] wgpu upgrade not requested, using Canvas 2D @ http://localhost:5191/pkg/alacritty_web.js:1608
[   24039ms] [INFO] Initializing AlacrittyTerminal @ http://localhost:5191/pkg/alacritty_web.js:1608
[   24040ms] [INFO] Canvas2D renderer: cell=8x17, dpr=1, canvas=469x300 @ http://localhost:5191/pkg/alacritty_web.js:1608
[   24040ms] [INFO] Initial grid: 58x17 @ http://localhost:5191/pkg/alacritty_web.js:1608
[   24040ms] [INFO] wgpu upgrade not requested, using Canvas 2D @ http://localhost:5191/pkg/alacritty_web.js:1608
[   24041ms] [INFO] Initializing AlacrittyTerminal @ http://localhost:5191/pkg/alacritty_web.js:1608
[   24041ms] [INFO] Canvas2D renderer: cell=8x17, dpr=1, canvas=469x300 @ http://localhost:5191/pkg/alacritty_web.js:1608
[   24041ms] [INFO] Initial grid: 58x17 @ http://localhost:5191/pkg/alacritty_web.js:1608
[   24042ms] [INFO] wgpu upgrade not requested, using Canvas 2D @ http://localhost:5191/pkg/alacritty_web.js:1608
[   24043ms] [INFO] Initializing AlacrittyTerminal @ http://localhost:5191/pkg/alacritty_web.js:1608
[   24043ms] [INFO] Canvas2D renderer: cell=8x17, dpr=1, canvas=469x300 @ http://localhost:5191/pkg/alacritty_web.js:1608
[   24043ms] [INFO] Initial grid: 58x17 @ http://localhost:5191/pkg/alacritty_web.js:1608
[   24044ms] [INFO] wgpu upgrade not requested, using Canvas 2D @ http://localhost:5191/pkg/alacritty_web.js:1608
[   25036ms] [INFO] Initializing AlacrittyTerminal @ http://localhost:5191/pkg/alacritty_web.js:1608
[   25037ms] [INFO] Canvas2D renderer: cell=8x17, dpr=1, canvas=469x300 @ http://localhost:5191/pkg/alacritty_web.js:1608
[   25038ms] [INFO] Initial grid: 58x17 @ http://localhost:5191/pkg/alacritty_web.js:1608
[   25038ms] [INFO] wgpu upgrade not requested, using Canvas 2D @ http://localhost:5191/pkg/alacritty_web.js:1608
[   25038ms] [INFO] Initializing AlacrittyTerminal @ http://localhost:5191/pkg/alacritty_web.js:1608
[   25039ms] [INFO] Canvas2D renderer: cell=8x17, dpr=1, canvas=469x300 @ http://localhost:5191/pkg/alacritty_web.js:1608
[   25039ms] [INFO] Initial grid: 58x17 @ http://localhost:5191/pkg/alacritty_web.js:1608
[   25039ms] [INFO] wgpu upgrade not requested, using Canvas 2D @ http://localhost:5191/pkg/alacritty_web.js:1608
[   25041ms] [INFO] Initializing AlacrittyTerminal @ http://localhost:5191/pkg/alacritty_web.js:1608
[   25042ms] [INFO] Canvas2D renderer: cell=8x17, dpr=1, canvas=469x300 @ http://localhost:5191/pkg/alacritty_web.js:1608
[   25042ms] [INFO] Initial grid: 58x17 @ http://localhost:5191/pkg/alacritty_web.js:1608
[   25042ms] [INFO] wgpu upgrade not requested, using Canvas 2D @ http://localhost:5191/pkg/alacritty_web.js:1608
[   25042ms] [INFO] Initializing AlacrittyTerminal @ http://localhost:5191/pkg/alacritty_web.js:1608
[   25043ms] [INFO] Canvas2D renderer: cell=8x17, dpr=1, canvas=469x300 @ http://localhost:5191/pkg/alacritty_web.js:1608
[   25043ms] [INFO] Initial grid: 58x17 @ http://localhost:5191/pkg/alacritty_web.js:1608
[   25043ms] [INFO] wgpu upgrade not requested, using Canvas 2D @ http://localhost:5191/pkg/alacritty_web.js:1608
[   25044ms] [INFO] Initializing AlacrittyTerminal @ http://localhost:5191/pkg/alacritty_web.js:1608
[   25044ms] [INFO] Canvas2D renderer: cell=8x17, dpr=1, canvas=469x300 @ http://localhost:5191/pkg/alacritty_web.js:1608
[   25044ms] [INFO] Initial grid: 58x17 @ http://localhost:5191/pkg/alacritty_web.js:1608
[   25045ms] [INFO] wgpu upgrade not requested, using Canvas 2D @ http://localhost:5191/pkg/alacritty_web.js:1608
[   25045ms] [INFO] Initializing AlacrittyTerminal @ http://localhost:5191/pkg/alacritty_web.js:1608
[   25045ms] [INFO] Canvas2D renderer: cell=8x17, dpr=1, canvas=469x300 @ http://localhost:5191/pkg/alacritty_web.js:1608
[   25046ms] [INFO] Initial grid: 58x17 @ http://localhost:5191/pkg/alacritty_web.js:1608
[   25046ms] [INFO] wgpu upgrade not requested, using Canvas 2D @ http://localhost:5191/pkg/alacritty_web.js:1608
[   25046ms] [INFO] Initializing AlacrittyTerminal @ http://localhost:5191/pkg/alacritty_web.js:1608
[   25047ms] [INFO] Canvas2D renderer: cell=8x17, dpr=1, canvas=469x300 @ http://localhost:5191/pkg/alacritty_web.js:1608
[   25047ms] [INFO] Initial grid: 58x17 @ http://localhost:5191/pkg/alacritty_web.js:1608
[   25047ms] [INFO] wgpu upgrade not requested, using Canvas 2D @ http://localhost:5191/pkg/alacritty_web.js:1608
[   25047ms] [INFO] Initializing AlacrittyTerminal @ http://localhost:5191/pkg/alacritty_web.js:1608
[   25048ms] [INFO] Canvas2D renderer: cell=8x17, dpr=1, canvas=469x300 @ http://localhost:5191/pkg/alacritty_web.js:1608
[   25048ms] [INFO] Initial grid: 58x17 @ http://localhost:5191/pkg/alacritty_web.js:1608
[   25048ms] [INFO] wgpu upgrade not requested, using Canvas 2D @ http://localhost:5191/pkg/alacritty_web.js:1608
[   25049ms] [INFO] Initializing AlacrittyTerminal @ http://localhost:5191/pkg/alacritty_web.js:1608
[   25050ms] [INFO] Canvas2D renderer: cell=8x17, dpr=1, canvas=469x300 @ http://localhost:5191/pkg/alacritty_web.js:1608
[   25050ms] [INFO] Initial grid: 58x17 @ http://localhost:5191/pkg/alacritty_web.js:1608
[   25050ms] [INFO] wgpu upgrade not requested, using Canvas 2D @ http://localhost:5191/pkg/alacritty_web.js:1608
[   25665ms] [INFO] Initializing AlacrittyTerminal @ http://localhost:5191/pkg/alacritty_web.js:1608
[   25666ms] [INFO] Canvas2D renderer: cell=8x17, dpr=1, canvas=469x300 @ http://localhost:5191/pkg/alacritty_web.js:1608
[   25666ms] [INFO] Initial grid: 58x17 @ http://localhost:5191/pkg/alacritty_web.js:1608
[   25666ms] [INFO] wgpu upgrade not requested, using Canvas 2D @ http://localhost:5191/pkg/alacritty_web.js:1608
[   25667ms] [INFO] Initializing AlacrittyTerminal @ http://localhost:5191/pkg/alacritty_web.js:1608
[   25667ms] [INFO] Canvas2D renderer: cell=8x17, dpr=1, canvas=469x300 @ http://localhost:5191/pkg/alacritty_web.js:1608
[   25668ms] [INFO] Initial grid: 58x17 @ http://localhost:5191/pkg/alacritty_web.js:1608
[   25668ms] [INFO] wgpu upgrade not requested, using Canvas 2D @ http://localhost:5191/pkg/alacritty_web.js:1608
[   25668ms] [INFO] Initializing AlacrittyTerminal @ http://localhost:5191/pkg/alacritty_web.js:1608
[   25669ms] [INFO] Canvas2D renderer: cell=8x17, dpr=1, canvas=469x300 @ http://localhost:5191/pkg/alacritty_web.js:1608
[   25669ms] [INFO] Initial grid: 58x17 @ http://localhost:5191/pkg/alacritty_web.js:1608
[   25669ms] [INFO] wgpu upgrade not requested, using Canvas 2D @ http://localhost:5191/pkg/alacritty_web.js:1608
[   25669ms] [INFO] Initializing AlacrittyTerminal @ http://localhost:5191/pkg/alacritty_web.js:1608
[   25670ms] [INFO] Canvas2D renderer: cell=8x17, dpr=1, canvas=469x300 @ http://localhost:5191/pkg/alacritty_web.js:1608
[   25670ms] [INFO] Initial grid: 58x17 @ http://localhost:5191/pkg/alacritty_web.js:1608
[   25670ms] [INFO] wgpu upgrade not requested, using Canvas 2D @ http://localhost:5191/pkg/alacritty_web.js:1608
[   25670ms] [INFO] Initializing AlacrittyTerminal @ http://localhost:5191/pkg/alacritty_web.js:1608
[   25671ms] [INFO] Canvas2D renderer: cell=8x17, dpr=1, canvas=469x300 @ http://localhost:5191/pkg/alacritty_web.js:1608
[   25671ms] [INFO] Initial grid: 58x17 @ http://localhost:5191/pkg/alacritty_web.js:1608
[   25671ms] [INFO] wgpu upgrade not requested, using Canvas 2D @ http://localhost:5191/pkg/alacritty_web.js:1608
[   25671ms] [INFO] Initializing AlacrittyTerminal @ http://localhost:5191/pkg/alacritty_web.js:1608
[   25672ms] [INFO] Canvas2D renderer: cell=8x17, dpr=1, canvas=469x300 @ http://localhost:5191/pkg/alacritty_web.js:1608
[   25672ms] [INFO] Initial grid: 58x17 @ http://localhost:5191/pkg/alacritty_web.js:1608
[   25672ms] [INFO] wgpu upgrade not requested, using Canvas 2D @ http://localhost:5191/pkg/alacritty_web.js:1608
[   25673ms] [INFO] Initializing AlacrittyTerminal @ http://localhost:5191/pkg/alacritty_web.js:1608
[   25673ms] [INFO] Canvas2D renderer: cell=8x17, dpr=1, canvas=469x300 @ http://localhost:5191/pkg/alacritty_web.js:1608
[   25673ms] [INFO] Initial grid: 58x17 @ http://localhost:5191/pkg/alacritty_web.js:1608
[   25673ms] [INFO] wgpu upgrade not requested, using Canvas 2D @ http://localhost:5191/pkg/alacritty_web.js:1608
[   25674ms] [INFO] Initializing AlacrittyTerminal @ http://localhost:5191/pkg/alacritty_web.js:1608
[   25674ms] [INFO] Canvas2D renderer: cell=8x17, dpr=1, canvas=469x300 @ http://localhost:5191/pkg/alacritty_web.js:1608
[   25674ms] [INFO] Initial grid: 58x17 @ http://localhost:5191/pkg/alacritty_web.js:1608
[   25674ms] [INFO] wgpu upgrade not requested, using Canvas 2D @ http://localhost:5191/pkg/alacritty_web.js:1608
[   25675ms] [INFO] Initializing AlacrittyTerminal @ http://localhost:5191/pkg/alacritty_web.js:1608
[   25675ms] [INFO] Canvas2D renderer: cell=8x17, dpr=1, canvas=469x300 @ http://localhost:5191/pkg/alacritty_web.js:1608
[   25675ms] [INFO] Initial grid: 58x17 @ http://localhost:5191/pkg/alacritty_web.js:1608
[   25675ms] [INFO] wgpu upgrade not requested, using Canvas 2D @ http://localhost:5191/pkg/alacritty_web.js:1608
[   26401ms] [INFO] Initializing AlacrittyTerminal @ http://localhost:5191/pkg/alacritty_web.js:1608
[   26402ms] [INFO] Canvas2D renderer: cell=8x17, dpr=1, canvas=469x300 @ http://localhost:5191/pkg/alacritty_web.js:1608
[   26403ms] [INFO] Initial grid: 58x17 @ http://localhost:5191/pkg/alacritty_web.js:1608
[   26403ms] [INFO] wgpu upgrade not requested, using Canvas 2D @ http://localhost:5191/pkg/alacritty_web.js:1608
[   26403ms] [INFO] Initializing AlacrittyTerminal @ http://localhost:5191/pkg/alacritty_web.js:1608
[   26404ms] [INFO] Canvas2D renderer: cell=8x17, dpr=1, canvas=469x300 @ http://localhost:5191/pkg/alacritty_web.js:1608
[   26404ms] [INFO] Initial grid: 58x17 @ http://localhost:5191/pkg/alacritty_web.js:1608
[   26404ms] [INFO] wgpu upgrade not requested, using Canvas 2D @ http://localhost:5191/pkg/alacritty_web.js:1608
[   26404ms] [INFO] Initializing AlacrittyTerminal @ http://localhost:5191/pkg/alacritty_web.js:1608
[   26405ms] [INFO] Canvas2D renderer: cell=8x17, dpr=1, canvas=469x300 @ http://localhost:5191/pkg/alacritty_web.js:1608
[   26405ms] [INFO] Initial grid: 58x17 @ http://localhost:5191/pkg/alacritty_web.js:1608
[   26405ms] [INFO] wgpu upgrade not requested, using Canvas 2D @ http://localhost:5191/pkg/alacritty_web.js:1608
[   26405ms] [INFO] Initializing AlacrittyTerminal @ http://localhost:5191/pkg/alacritty_web.js:1608
[   26406ms] [INFO] Canvas2D renderer: cell=8x17, dpr=1, canvas=469x300 @ http://localhost:5191/pkg/alacritty_web.js:1608
[   26406ms] [INFO] Initial grid: 58x17 @ http://localhost:5191/pkg/alacritty_web.js:1608
[   26406ms] [INFO] wgpu upgrade not requested, using Canvas 2D @ http://localhost:5191/pkg/alacritty_web.js:1608
[   26406ms] [INFO] Initializing AlacrittyTerminal @ http://localhost:5191/pkg/alacritty_web.js:1608
[   26407ms] [INFO] Canvas2D renderer: cell=8x17, dpr=1, canvas=469x300 @ http://localhost:5191/pkg/alacritty_web.js:1608
[   26407ms] [INFO] Initial grid: 58x17 @ http://localhost:5191/pkg/alacritty_web.js:1608
[   26407ms] [INFO] wgpu upgrade not requested, using Canvas 2D @ http://localhost:5191/pkg/alacritty_web.js:1608
[   26407ms] [INFO] Initializing AlacrittyTerminal @ http://localhost:5191/pkg/alacritty_web.js:1608
[   26408ms] [INFO] Canvas2D renderer: cell=8x17, dpr=1, canvas=469x300 @ http://localhost:5191/pkg/alacritty_web.js:1608
[   26408ms] [INFO] Initial grid: 58x17 @ http://localhost:5191/pkg/alacritty_web.js:1608
[   26408ms] [INFO] wgpu upgrade not requested, using Canvas 2D @ http://localhost:5191/pkg/alacritty_web.js:1608
[   26408ms] [INFO] Initializing AlacrittyTerminal @ http://localhost:5191/pkg/alacritty_web.js:1608
[   26409ms] [INFO] Canvas2D renderer: cell=8x17, dpr=1, canvas=469x300 @ http://localhost:5191/pkg/alacritty_web.js:1608
[   26409ms] [INFO] Initial grid: 58x17 @ http://localhost:5191/pkg/alacritty_web.js:1608
[   26409ms] [INFO] wgpu upgrade not requested, using Canvas 2D @ http://localhost:5191/pkg/alacritty_web.js:1608
[   26409ms] [INFO] Initializing AlacrittyTerminal @ http://localhost:5191/pkg/alacritty_web.js:1608
[   26410ms] [INFO] Canvas2D renderer: cell=8x17, dpr=1, canvas=469x300 @ http://localhost:5191/pkg/alacritty_web.js:1608
[   26410ms] [INFO] Initial grid: 58x17 @ http://localhost:5191/pkg/alacritty_web.js:1608
[   26410ms] [INFO] wgpu upgrade not requested, using Canvas 2D @ http://localhost:5191/pkg/alacritty_web.js:1608
[   26410ms] [INFO] Initializing AlacrittyTerminal @ http://localhost:5191/pkg/alacritty_web.js:1608
[   26411ms] [INFO] Canvas2D renderer: cell=8x17, dpr=1, canvas=469x300 @ http://localhost:5191/pkg/alacritty_web.js:1608
[   26411ms] [INFO] Initial grid: 58x17 @ http://localhost:5191/pkg/alacritty_web.js:1608
[   26411ms] [INFO] wgpu upgrade not requested, using Canvas 2D @ http://localhost:5191/pkg/alacritty_web.js:1608
[  201216ms] [INFO] Initializing AlacrittyTerminal @ http://localhost:5191/pkg/alacritty_web.js:1608
[  201219ms] [INFO] Canvas2D renderer: cell=8x17, dpr=1, canvas=469x300 @ http://localhost:5191/pkg/alacritty_web.js:1608
[  201222ms] [INFO] Initial grid: 58x17 @ http://localhost:5191/pkg/alacritty_web.js:1608
[  201225ms] [INFO] wgpu upgrade not requested, using Canvas 2D @ http://localhost:5191/pkg/alacritty_web.js:1608
[  201227ms] [INFO] Initializing AlacrittyTerminal @ http://localhost:5191/pkg/alacritty_web.js:1608
[  201228ms] [INFO] Canvas2D renderer: cell=8x17, dpr=1, canvas=469x300 @ http://localhost:5191/pkg/alacritty_web.js:1608
[  201229ms] [INFO] Initial grid: 58x17 @ http://localhost:5191/pkg/alacritty_web.js:1608
[  201229ms] [INFO] wgpu upgrade not requested, using Canvas 2D @ http://localhost:5191/pkg/alacritty_web.js:1608
[  201229ms] [INFO] Initializing AlacrittyTerminal @ http://localhost:5191/pkg/alacritty_web.js:1608
[  201230ms] [INFO] Canvas2D renderer: cell=8x17, dpr=1, canvas=469x300 @ http://localhost:5191/pkg/alacritty_web.js:1608
[  201230ms] [INFO] Initial grid: 58x17 @ http://localhost:5191/pkg/alacritty_web.js:1608
[  201230ms] [INFO] wgpu upgrade not requested, using Canvas 2D @ http://localhost:5191/pkg/alacritty_web.js:1608
[  201231ms] [INFO] Initializing AlacrittyTerminal @ http://localhost:5191/pkg/alacritty_web.js:1608
[  201231ms] [INFO] Canvas2D renderer: cell=8x17, dpr=1, canvas=469x300 @ http://localhost:5191/pkg/alacritty_web.js:1608
[  201231ms] [INFO] Initial grid: 58x17 @ http://localhost:5191/pkg/alacritty_web.js:1608
[  201231ms] [INFO] wgpu upgrade not requested, using Canvas 2D @ http://localhost:5191/pkg/alacritty_web.js:1608
[  201232ms] [INFO] Initializing AlacrittyTerminal @ http://localhost:5191/pkg/alacritty_web.js:1608
[  201232ms] [INFO] Canvas2D renderer: cell=8x17, dpr=1, canvas=469x300 @ http://localhost:5191/pkg/alacritty_web.js:1608
[  201232ms] [INFO] Initial grid: 58x17 @ http://localhost:5191/pkg/alacritty_web.js:1608
[  201233ms] [INFO] wgpu upgrade not requested, using Canvas 2D @ http://localhost:5191/pkg/alacritty_web.js:1608
[  201238ms] [INFO] Initializing AlacrittyTerminal @ http://localhost:5191/pkg/alacritty_web.js:1608
[  201239ms] [INFO] Canvas2D renderer: cell=8x17, dpr=1, canvas=469x300 @ http://localhost:5191/pkg/alacritty_web.js:1608
[  201240ms] [INFO] Initial grid: 58x17 @ http://localhost:5191/pkg/alacritty_web.js:1608
[  201240ms] [INFO] wgpu upgrade not requested, using Canvas 2D @ http://localhost:5191/pkg/alacritty_web.js:1608
[  201240ms] [INFO] Initializing AlacrittyTerminal @ http://localhost:5191/pkg/alacritty_web.js:1608
[  201241ms] [INFO] Canvas2D renderer: cell=8x17, dpr=1, canvas=469x300 @ http://localhost:5191/pkg/alacritty_web.js:1608
[  201241ms] [INFO] Initial grid: 58x17 @ http://localhost:5191/pkg/alacritty_web.js:1608
[  201241ms] [INFO] wgpu upgrade not requested, using Canvas 2D @ http://localhost:5191/pkg/alacritty_web.js:1608
[  201241ms] [INFO] Initializing AlacrittyTerminal @ http://localhost:5191/pkg/alacritty_web.js:1608
[  201242ms] [INFO] Canvas2D renderer: cell=8x17, dpr=1, canvas=469x300 @ http://localhost:5191/pkg/alacritty_web.js:1608
[  201242ms] [INFO] Initial grid: 58x17 @ http://localhost:5191/pkg/alacritty_web.js:1608
[  201242ms] [INFO] wgpu upgrade not requested, using Canvas 2D @ http://localhost:5191/pkg/alacritty_web.js:1608
[  201242ms] [INFO] Initializing AlacrittyTerminal @ http://localhost:5191/pkg/alacritty_web.js:1608
[  201243ms] [INFO] Canvas2D renderer: cell=8x17, dpr=1, canvas=469x300 @ http://localhost:5191/pkg/alacritty_web.js:1608
[  201243ms] [INFO] Initial grid: 58x17 @ http://localhost:5191/pkg/alacritty_web.js:1608
[  201243ms] [INFO] wgpu upgrade not requested, using Canvas 2D @ http://localhost:5191/pkg/alacritty_web.js:1608
[  201759ms] [INFO] Initializing AlacrittyTerminal @ http://localhost:5191/pkg/alacritty_web.js:1608
[  201760ms] [INFO] Canvas2D renderer: cell=8x17, dpr=1, canvas=469x300 @ http://localhost:5191/pkg/alacritty_web.js:1608
[  201760ms] [INFO] Initial grid: 58x17 @ http://localhost:5191/pkg/alacritty_web.js:1608
[  201760ms] [INFO] wgpu upgrade not requested, using Canvas 2D @ http://localhost:5191/pkg/alacritty_web.js:1608
[  201761ms] [INFO] Initializing AlacrittyTerminal @ http://localhost:5191/pkg/alacritty_web.js:1608
[  201761ms] [INFO] Canvas2D renderer: cell=8x17, dpr=1, canvas=469x300 @ http://localhost:5191/pkg/alacritty_web.js:1608
[  201762ms] [INFO] Initial grid: 58x17 @ http://localhost:5191/pkg/alacritty_web.js:1608
[  201762ms] [INFO] wgpu upgrade not requested, using Canvas 2D @ http://localhost:5191/pkg/alacritty_web.js:1608
[  201762ms] [INFO] Initializing AlacrittyTerminal @ http://localhost:5191/pkg/alacritty_web.js:1608
[  201763ms] [INFO] Canvas2D renderer: cell=8x17, dpr=1, canvas=469x300 @ http://localhost:5191/pkg/alacritty_web.js:1608
[  201763ms] [INFO] Initial grid: 58x17 @ http://localhost:5191/pkg/alacritty_web.js:1608
[  201763ms] [INFO] wgpu upgrade not requested, using Canvas 2D @ http://localhost:5191/pkg/alacritty_web.js:1608
[  201763ms] [INFO] Initializing AlacrittyTerminal @ http://localhost:5191/pkg/alacritty_web.js:1608
[  201764ms] [INFO] Canvas2D renderer: cell=8x17, dpr=1, canvas=469x300 @ http://localhost:5191/pkg/alacritty_web.js:1608
[  201764ms] [INFO] Initial grid: 58x17 @ http://localhost:5191/pkg/alacritty_web.js:1608
[  201764ms] [INFO] wgpu upgrade not requested, using Canvas 2D @ http://localhost:5191/pkg/alacritty_web.js:1608
[  201769ms] [INFO] Initializing AlacrittyTerminal @ http://localhost:5191/pkg/alacritty_web.js:1608
[  201769ms] [INFO] Canvas2D renderer: cell=8x17, dpr=1, canvas=469x300 @ http://localhost:5191/pkg/alacritty_web.js:1608
[  201769ms] [INFO] Initial grid: 58x17 @ http://localhost:5191/pkg/alacritty_web.js:1608
[  201770ms] [INFO] wgpu upgrade not requested, using Canvas 2D @ http://localhost:5191/pkg/alacritty_web.js:1608
[  201770ms] [INFO] Initializing AlacrittyTerminal @ http://localhost:5191/pkg/alacritty_web.js:1608
[  201770ms] [INFO] Canvas2D renderer: cell=8x17, dpr=1, canvas=469x300 @ http://localhost:5191/pkg/alacritty_web.js:1608
[  201771ms] [INFO] Initial grid: 58x17 @ http://localhost:5191/pkg/alacritty_web.js:1608
[  201771ms] [INFO] wgpu upgrade not requested, using Canvas 2D @ http://localhost:5191/pkg/alacritty_web.js:1608
[  201771ms] [INFO] Initializing AlacrittyTerminal @ http://localhost:5191/pkg/alacritty_web.js:1608
[  201772ms] [INFO] Canvas2D renderer: cell=8x17, dpr=1, canvas=469x300 @ http://localhost:5191/pkg/alacritty_web.js:1608
[  201772ms] [INFO] Initial grid: 58x17 @ http://localhost:5191/pkg/alacritty_web.js:1608
[  201772ms] [INFO] wgpu upgrade not requested, using Canvas 2D @ http://localhost:5191/pkg/alacritty_web.js:1608
[  201772ms] [INFO] Initializing AlacrittyTerminal @ http://localhost:5191/pkg/alacritty_web.js:1608
[  201773ms] [INFO] Canvas2D renderer: cell=8x17, dpr=1, canvas=469x300 @ http://localhost:5191/pkg/alacritty_web.js:1608
[  201773ms] [INFO] Initial grid: 58x17 @ http://localhost:5191/pkg/alacritty_web.js:1608
[  201773ms] [INFO] wgpu upgrade not requested, using Canvas 2D @ http://localhost:5191/pkg/alacritty_web.js:1608
[  201773ms] [INFO] Initializing AlacrittyTerminal @ http://localhost:5191/pkg/alacritty_web.js:1608
[  201774ms] [INFO] Canvas2D renderer: cell=8x17, dpr=1, canvas=469x300 @ http://localhost:5191/pkg/alacritty_web.js:1608
[  201774ms] [INFO] Initial grid: 58x17 @ http://localhost:5191/pkg/alacritty_web.js:1608
[  201774ms] [INFO] wgpu upgrade not requested, using Canvas 2D @ http://localhost:5191/pkg/alacritty_web.js:1608
[  202365ms] [INFO] Initializing AlacrittyTerminal @ http://localhost:5191/pkg/alacritty_web.js:1608
[  202366ms] [INFO] Canvas2D renderer: cell=8x17, dpr=1, canvas=471x300 @ http://localhost:5191/pkg/alacritty_web.js:1608
[  202366ms] [INFO] Initial grid: 58x17 @ http://localhost:5191/pkg/alacritty_web.js:1608
[  202367ms] [INFO] wgpu upgrade not requested, using Canvas 2D @ http://localhost:5191/pkg/alacritty_web.js:1608
[  202367ms] [INFO] Initializing AlacrittyTerminal @ http://localhost:5191/pkg/alacritty_web.js:1608
[  202368ms] [INFO] Canvas2D renderer: cell=8x17, dpr=1, canvas=471x300 @ http://localhost:5191/pkg/alacritty_web.js:1608
[  202368ms] [INFO] Initial grid: 58x17 @ http://localhost:5191/pkg/alacritty_web.js:1608
[  202368ms] [INFO] wgpu upgrade not requested, using Canvas 2D @ http://localhost:5191/pkg/alacritty_web.js:1608
[  202369ms] [INFO] Initializing AlacrittyTerminal @ http://localhost:5191/pkg/alacritty_web.js:1608
[  202369ms] [INFO] Canvas2D renderer: cell=8x17, dpr=1, canvas=471x300 @ http://localhost:5191/pkg/alacritty_web.js:1608
[  202370ms] [INFO] Initial grid: 58x17 @ http://localhost:5191/pkg/alacritty_web.js:1608
[  202370ms] [INFO] wgpu upgrade not requested, using Canvas 2D @ http://localhost:5191/pkg/alacritty_web.js:1608
[  202370ms] [INFO] Initializing AlacrittyTerminal @ http://localhost:5191/pkg/alacritty_web.js:1608
[  202371ms] [INFO] Canvas2D renderer: cell=8x17, dpr=1, canvas=471x300 @ http://localhost:5191/pkg/alacritty_web.js:1608
[  202371ms] [INFO] Initial grid: 58x17 @ http://localhost:5191/pkg/alacritty_web.js:1608
[  202373ms] [INFO] wgpu upgrade not requested, using Canvas 2D @ http://localhost:5191/pkg/alacritty_web.js:1608
[  202374ms] [INFO] Initializing AlacrittyTerminal @ http://localhost:5191/pkg/alacritty_web.js:1608
[  202378ms] [INFO] Canvas2D renderer: cell=8x17, dpr=1, canvas=471x300 @ http://localhost:5191/pkg/alacritty_web.js:1608
[  202378ms] [INFO] Initial grid: 58x17 @ http://localhost:5191/pkg/alacritty_web.js:1608
[  202378ms] [INFO] wgpu upgrade not requested, using Canvas 2D @ http://localhost:5191/pkg/alacritty_web.js:1608
[  202382ms] [INFO] Initializing AlacrittyTerminal @ http://localhost:5191/pkg/alacritty_web.js:1608
[  202382ms] [INFO] Canvas2D renderer: cell=8x17, dpr=1, canvas=471x300 @ http://localhost:5191/pkg/alacritty_web.js:1608
[  202383ms] [INFO] Initial grid: 58x17 @ http://localhost:5191/pkg/alacritty_web.js:1608
[  202383ms] [INFO] wgpu upgrade not requested, using Canvas 2D @ http://localhost:5191/pkg/alacritty_web.js:1608
[  202383ms] [INFO] Initializing AlacrittyTerminal @ http://localhost:5191/pkg/alacritty_web.js:1608
[  202384ms] [INFO] Canvas2D renderer: cell=8x17, dpr=1, canvas=471x300 @ http://localhost:5191/pkg/alacritty_web.js:1608
[  202384ms] [INFO] Initial grid: 58x17 @ http://localhost:5191/pkg/alacritty_web.js:1608
[  202384ms] [INFO] wgpu upgrade not requested, using Canvas 2D @ http://localhost:5191/pkg/alacritty_web.js:1608
[  202384ms] [INFO] Initializing AlacrittyTerminal @ http://localhost:5191/pkg/alacritty_web.js:1608
[  202385ms] [INFO] Canvas2D renderer: cell=8x17, dpr=1, canvas=471x300 @ http://localhost:5191/pkg/alacritty_web.js:1608
[  202385ms] [INFO] Initial grid: 58x17 @ http://localhost:5191/pkg/alacritty_web.js:1608
[  202385ms] [INFO] wgpu upgrade not requested, using Canvas 2D @ http://localhost:5191/pkg/alacritty_web.js:1608
[  202385ms] [INFO] Initializing AlacrittyTerminal @ http://localhost:5191/pkg/alacritty_web.js:1608
[  202386ms] [INFO] Canvas2D renderer: cell=8x17, dpr=1, canvas=471x300 @ http://localhost:5191/pkg/alacritty_web.js:1608
[  202386ms] [INFO] Initial grid: 58x17 @ http://localhost:5191/pkg/alacritty_web.js:1608
[  202387ms] [INFO] wgpu upgrade not requested, using Canvas 2D @ http://localhost:5191/pkg/alacritty_web.js:1608
[  202987ms] [INFO] Initializing AlacrittyTerminal @ http://localhost:5191/pkg/alacritty_web.js:1608
[  202988ms] [INFO] Canvas2D renderer: cell=8x17, dpr=1, canvas=469x300 @ http://localhost:5191/pkg/alacritty_web.js:1608
[  202989ms] [INFO] Initial grid: 58x17 @ http://localhost:5191/pkg/alacritty_web.js:1608
[  202989ms] [INFO] wgpu upgrade not requested, using Canvas 2D @ http://localhost:5191/pkg/alacritty_web.js:1608
[  202989ms] [INFO] Initializing AlacrittyTerminal @ http://localhost:5191/pkg/alacritty_web.js:1608
[  202990ms] [INFO] Canvas2D renderer: cell=8x17, dpr=1, canvas=469x300 @ http://localhost:5191/pkg/alacritty_web.js:1608
[  202990ms] [INFO] Initial grid: 58x17 @ http://localhost:5191/pkg/alacritty_web.js:1608
[  202991ms] [INFO] wgpu upgrade not requested, using Canvas 2D @ http://localhost:5191/pkg/alacritty_web.js:1608
[  202991ms] [INFO] Initializing AlacrittyTerminal @ http://localhost:5191/pkg/alacritty_web.js:1608
[  202992ms] [INFO] Canvas2D renderer: cell=8x17, dpr=1, canvas=469x300 @ http://localhost:5191/pkg/alacritty_web.js:1608
[  202992ms] [INFO] Initial grid: 58x17 @ http://localhost:5191/pkg/alacritty_web.js:1608
[  202992ms] [INFO] wgpu upgrade not requested, using Canvas 2D @ http://localhost:5191/pkg/alacritty_web.js:1608
[  202993ms] [INFO] Initializing AlacrittyTerminal @ http://localhost:5191/pkg/alacritty_web.js:1608
[  202993ms] [INFO] Canvas2D renderer: cell=8x17, dpr=1, canvas=469x300 @ http://localhost:5191/pkg/alacritty_web.js:1608
[  202994ms] [INFO] Initial grid: 58x17 @ http://localhost:5191/pkg/alacritty_web.js:1608
[  202994ms] [INFO] wgpu upgrade not requested, using Canvas 2D @ http://localhost:5191/pkg/alacritty_web.js:1608
[  202994ms] [INFO] Initializing AlacrittyTerminal @ http://localhost:5191/pkg/alacritty_web.js:1608
[  202995ms] [INFO] Canvas2D renderer: cell=8x17, dpr=1, canvas=469x300 @ http://localhost:5191/pkg/alacritty_web.js:1608
[  202995ms] [INFO] Initial grid: 58x17 @ http://localhost:5191/pkg/alacritty_web.js:1608
[  202995ms] [INFO] wgpu upgrade not requested, using Canvas 2D @ http://localhost:5191/pkg/alacritty_web.js:1608
[  202996ms] [INFO] Initializing AlacrittyTerminal @ http://localhost:5191/pkg/alacritty_web.js:1608
[  202996ms] [INFO] Canvas2D renderer: cell=8x17, dpr=1, canvas=469x300 @ http://localhost:5191/pkg/alacritty_web.js:1608
[  202997ms] [INFO] Initial grid: 58x17 @ http://localhost:5191/pkg/alacritty_web.js:1608
[  202997ms] [INFO] wgpu upgrade not requested, using Canvas 2D @ http://localhost:5191/pkg/alacritty_web.js:1608
[  202997ms] [INFO] Initializing AlacrittyTerminal @ http://localhost:5191/pkg/alacritty_web.js:1608
[  202998ms] [INFO] Canvas2D renderer: cell=8x17, dpr=1, canvas=469x300 @ http://localhost:5191/pkg/alacritty_web.js:1608
[  202998ms] [INFO] Initial grid: 58x17 @ http://localhost:5191/pkg/alacritty_web.js:1608
[  202998ms] [INFO] wgpu upgrade not requested, using Canvas 2D @ http://localhost:5191/pkg/alacritty_web.js:1608
[  203003ms] [INFO] Initializing AlacrittyTerminal @ http://localhost:5191/pkg/alacritty_web.js:1608
[  203005ms] [INFO] Canvas2D renderer: cell=8x17, dpr=1, canvas=469x300 @ http://localhost:5191/pkg/alacritty_web.js:1608
[  203005ms] [INFO] Initial grid: 58x17 @ http://localhost:5191/pkg/alacritty_web.js:1608
[  203005ms] [INFO] wgpu upgrade not requested, using Canvas 2D @ http://localhost:5191/pkg/alacritty_web.js:1608
[  203005ms] [INFO] Initializing AlacrittyTerminal @ http://localhost:5191/pkg/alacritty_web.js:1608
[  203006ms] [INFO] Canvas2D renderer: cell=8x17, dpr=1, canvas=469x300 @ http://localhost:5191/pkg/alacritty_web.js:1608
[  203006ms] [INFO] Initial grid: 58x17 @ http://localhost:5191/pkg/alacritty_web.js:1608
[  203006ms] [INFO] wgpu upgrade not requested, using Canvas 2D @ http://localhost:5191/pkg/alacritty_web.js:1608
[  206144ms] [INFO] Initializing AlacrittyTerminal @ http://localhost:5191/pkg/alacritty_web.js:1608
[  206145ms] [INFO] Canvas2D renderer: cell=8x17, dpr=1, canvas=704x548 @ http://localhost:5191/pkg/alacritty_web.js:1608
[  206146ms] [INFO] Initial grid: 88x32 @ http://localhost:5191/pkg/alacritty_web.js:1608
[  206146ms] [INFO] wgpu upgrade not requested, using Canvas 2D @ http://localhost:5191/pkg/alacritty_web.js:1608
[  207085ms] [INFO] Terminal title: me@centurion:~ @ http://localhost:5191/pkg/alacritty_web.js:1608
