[      69ms] [ERROR] Failed to load resource: the server responded with a status of 404 (Not Found) @ http://localhost:5191/favicon.png:0
[     369ms] [INFO] Initializing AlacrittyTerminal @ http://localhost:5191/pkg/alacritty_web.js:1458
[     889ms] [INFO] Canvas2D renderer[0]: cell=8x17, dpr=1, canvas=584x292 @ http://localhost:5191/pkg/alacritty_web.js:1458
[     889ms] [INFO] Initial grid: 73x17 @ http://localhost:5191/pkg/alacritty_web.js:1458
[     891ms] [INFO] wgpu upgrade not requested, using Canvas 2D @ http://localhost:5191/pkg/alacritty_web.js:1458
[     891ms] [LOG] [DBG] created AlacrittyTerminal for: WebContainer Terminal @ http://localhost:5191/src/lib/components/AlacrittyTerminal.svelte?t=1776977695383:99
[     891ms] [LOG] [DBG] initWebContainer for: WebContainer Terminal @ http://localhost:5191/src/routes/+page.svelte?t=1776977695383:92
[     991ms] [INFO] Initializing AlacrittyTerminal @ http://localhost:5191/pkg/alacritty_web.js:1458
[     991ms] [INFO] Canvas2D renderer[0]: cell=8x17, dpr=1, canvas=584x292 @ http://localhost:5191/pkg/alacritty_web.js:1458
[     991ms] [INFO] Initial grid: 73x17 @ http://localhost:5191/pkg/alacritty_web.js:1458
[     992ms] [INFO] wgpu upgrade not requested, using Canvas 2D @ http://localhost:5191/pkg/alacritty_web.js:1458
[     992ms] [LOG] [DBG] created AlacrittyTerminal for: Demo Terminal @ http://localhost:5191/src/lib/components/AlacrittyTerminal.svelte?t=1776977695383:99
[     992ms] [LOG] [DBG] startReplay called for: Demo Terminal @ http://localhost:5191/src/routes/+page.svelte?t=1776977695383:66
[     992ms] [LOG] [DBG] runReplay target: Demo Terminal @ http://localhost:5191/src/routes/+page.svelte?t=1776977695383:75
[     998ms] [INFO] Initializing AlacrittyTerminal @ http://localhost:5191/pkg/alacritty_web.js:1458
[     999ms] [INFO] Canvas2D renderer[0]: cell=8x17, dpr=1, canvas=874x437 @ http://localhost:5191/pkg/alacritty_web.js:1458
[     999ms] [INFO] Initial grid: 109x25 @ http://localhost:5191/pkg/alacritty_web.js:1458
[     999ms] [INFO] wgpu upgrade not requested, using Canvas 2D @ http://localhost:5191/pkg/alacritty_web.js:1458
[     999ms] [LOG] [DBG] created AlacrittyTerminal for: WebSocket Terminal @ http://localhost:5191/src/lib/components/AlacrittyTerminal.svelte?t=1776977695383:99
[    1003ms] [ERROR] wasm-bindgen: imported JS function that was not marked as `catch` threw an error: Cannot read properties of undefined (reading 'readyState')

Stack:
TypeError: Cannot read properties of undefined (reading 'readyState')
    at http://localhost:5191/pkg/alacritty_web.js:1937:26
    at logError (http://localhost:5191/pkg/alacritty_web.js:35:18)
    at imports.wbg.__wbg_readyState_b0d20ca4531d3797 (http://localhost:5191/pkg/alacritty_web.js:1936:73)
    at alacritty_web.wasm.__wbg_readyState_b0d20ca4531d3797 externref shim (http://localhost:5191/pkg/alacritty_web_bg.wasm:wasm-function[41532]:0x7a9920)
    at alacritty_web.wasm.web_sys::features::gen_WebSocket::WebSocket::ready_state::h308092122b5bafe7 (http://localhost:5191/pkg/alacritty_web_bg.wasm:wasm-function[17247]:0x671ce4)
    at alacritty_web.wasm.alacritty_web::websocket::WsConnection::is_open::h8e852dc96261f653 (http://localhost:5191/pkg/alacritty_web_bg.wasm:wasm-function[21739]:0x6d3819)
    at alacritty_web.wasm.alacritty_web::websocket::WsConnection::flush_pending::h116f30450b6a7cb7 (http://localhost:5191/pkg/alacritty_web_bg.wasm:wasm-function[2515]:0x33f951)
    at alacritty_web.wasm.alacritty_web::AlacrittyTerminal::start_render_loop::{{closure}}::h46039f96115e1700 (http://localhost:5191/pkg/alacritty_web_bg.wasm:wasm-function[1114]:0x21c79f)
    at alacritty_web.wasm.wasm_bindgen::convert::closures::_::invoke::h5f675cc7ab96c2a4 (http://localhost:5191/pkg/alacritty_web_bg.wasm:wasm-function[19660]:0x6aad47)
    at __wbg_adapter_21 (http://localhost:5191/pkg/alacritty_web.js:352:10) @ http://localhost:5191/pkg/alacritty_web.js:43
[    1011ms] TypeError: Cannot read properties of undefined (reading 'readyState')
    at http://localhost:5191/pkg/alacritty_web.js:1937:26
    at logError (http://localhost:5191/pkg/alacritty_web.js:35:18)
    at imports.wbg.__wbg_readyState_b0d20ca4531d3797 (http://localhost:5191/pkg/alacritty_web.js:1936:73)
    at alacritty_web.wasm.__wbg_readyState_b0d20ca4531d3797 externref shim (http://localhost:5191/pkg/alacritty_web_bg.wasm:wasm-function[41532]:0x7a9920)
    at alacritty_web.wasm.web_sys::features::gen_WebSocket::WebSocket::ready_state::h308092122b5bafe7 (http://localhost:5191/pkg/alacritty_web_bg.wasm:wasm-function[17247]:0x671ce4)
    at alacritty_web.wasm.alacritty_web::websocket::WsConnection::is_open::h8e852dc96261f653 (http://localhost:5191/pkg/alacritty_web_bg.wasm:wasm-function[21739]:0x6d3819)
    at alacritty_web.wasm.alacritty_web::websocket::WsConnection::flush_pending::h116f30450b6a7cb7 (http://localhost:5191/pkg/alacritty_web_bg.wasm:wasm-function[2515]:0x33f951)
    at alacritty_web.wasm.alacritty_web::AlacrittyTerminal::start_render_loop::{{closure}}::h46039f96115e1700 (http://localhost:5191/pkg/alacritty_web_bg.wasm:wasm-function[1114]:0x21c79f)
    at alacritty_web.wasm.wasm_bindgen::convert::closures::_::invoke::h5f675cc7ab96c2a4 (http://localhost:5191/pkg/alacritty_web_bg.wasm:wasm-function[19660]:0x6aad47)
    at __wbg_adapter_21 (http://localhost:5191/pkg/alacritty_web.js:352:10)
[    1004ms] [ERROR] panicked at alacritty_web/src/lib.rs:386:50:
RefCell already mutably borrowed

Stack:

Error
    at http://localhost:5191/pkg/alacritty_web.js:1832:21
    at logError (http://localhost:5191/pkg/alacritty_web.js:35:18)
    at imports.wbg.__wbg_new_8a6f238a6ece86ea (http://localhost:5191/pkg/alacritty_web.js:1831:66)
    at alacritty_web.wasm.__wbg_new_8a6f238a6ece86ea externref shim (http://localhost:5191/pkg/alacritty_web_bg.wasm:wasm-function[40407]:0x7a6215)
    at alacritty_web.wasm.console_error_panic_hook::Error::new::h55584cf1bee91cdd (http://localhost:5191/pkg/alacritty_web_bg.wasm:wasm-function[21751]:0x6d3b72)
    at alacritty_web.wasm.console_error_panic_hook::hook_impl::he5dba8bd3a85a4bd (http://localhost:5191/pkg/alacritty_web_bg.wasm:wasm-function[9299]:0x553080)
    at alacritty_web.wasm.console_error_panic_hook::hook::hbf6089b43d8ca122 (http://localhost:5191/pkg/alacritty_web_bg.wasm:wasm-function[35202]:0x77d7c2)
    at alacritty_web.wasm.core::ops::function::Fn::call::h3c2ec02ba796355b (http://localhost:5191/pkg/alacritty_web_bg.wasm:wasm-function[29299]:0x740a2f)
    at alacritty_web.wasm.std::panicking::panic_with_hook::h77afe0ddfda2cb89 (http://localhost:5191/pkg/alacritty_web_bg.wasm:wasm-function[9053]:0x546b3b)
    at alacritty_web.wasm.std::panicking::panic_handler::{{closure}}::hf36efc37fdd11196 (http://localhost:5191/pkg/alacritty_web_bg.wasm:wasm-function[15356]:0x63be38)

 @ http://localhost:5191/pkg/alacritty_web.js:1211
[    1011ms] RuntimeError: unreachable
    at alacritty_web.wasm.__rustc[16f1505adc47261a]::__rust_abort (http://localhost:5191/pkg/alacritty_web_bg.wasm:wasm-function[41783]:0x7a9ff2)
    at alacritty_web.wasm.__rustc[16f1505adc47261a]::__rust_start_panic (http://localhost:5191/pkg/alacritty_web_bg.wasm:wasm-function[41748]:0x7a9f1a)
    at alacritty_web.wasm.__rustc[16f1505adc47261a]::rust_panic (http://localhost:5191/pkg/alacritty_web_bg.wasm:wasm-function[40570]:0x7a6c60)
    at alacritty_web.wasm.std::panicking::panic_with_hook::h77afe0ddfda2cb89 (http://localhost:5191/pkg/alacritty_web_bg.wasm:wasm-function[9053]:0x546b71)
    at alacritty_web.wasm.std::panicking::panic_handler::{{closure}}::hf36efc37fdd11196 (http://localhost:5191/pkg/alacritty_web_bg.wasm:wasm-function[15356]:0x63be38)
    at alacritty_web.wasm.std::sys::backtrace::__rust_end_short_backtrace::h46ab1174c51ef229 (http://localhost:5191/pkg/alacritty_web_bg.wasm:wasm-function[41448]:0x7a95f4)
    at alacritty_web.wasm.__rustc[16f1505adc47261a]::rust_begin_unwind (http://localhost:5191/pkg/alacritty_web_bg.wasm:wasm-function[30911]:0x752bf7)
    at alacritty_web.wasm.core::panicking::panic_fmt::h6651313c3e2c6c2f (http://localhost:5191/pkg/alacritty_web_bg.wasm:wasm-function[24910]:0x7077f9)
    at alacritty_web.wasm.core::cell::panic_already_mutably_borrowed::hacc25964e8eff904 (http://localhost:5191/pkg/alacritty_web_bg.wasm:wasm-function[29264]:0x7403b7)
    at alacritty_web.wasm.core::cell::RefCell<T>::borrow::hb1e3b6cd0e526a15 (http://localhost:5191/pkg/alacritty_web_bg.wasm:wasm-function[9797]:0x56aca8)
[    1011ms] [ERROR] panicked at /home/me/.rustup/toolchains/stable-x86_64-unknown-linux-gnu/lib/rustlib/src/rust/library/alloc/src/rc.rs:3743:13:
unsafe precondition(s) violated: hint::assert_unchecked must never be called when the condition is false

This indicates a bug in the program. This Undefined Behavior check is optional, and cannot be relied on for safety.

Stack:

Error
    at http://localhost:5191/pkg/alacritty_web.js:1832:21
    at logError (http://localhost:5191/pkg/alacritty_web.js:35:18)
    at imports.wbg.__wbg_new_8a6f238a6ece86ea (http://localhost:5191/pkg/alacritty_web.js:1831:66)
    at alacritty_web.wasm.__wbg_new_8a6f238a6ece86ea externref shim (http://localhost:5191/pkg/alacritty_web_bg.wasm:wasm-function[40407]:0x7a6215)
    at alacritty_web.wasm.console_error_panic_hook::Error::new::h55584cf1bee91cdd (http://localhost:5191/pkg/alacritty_web_bg.wasm:wasm-function[21751]:0x6d3b72)
    at alacritty_web.wasm.console_error_panic_hook::hook_impl::he5dba8bd3a85a4bd (http://localhost:5191/pkg/alacritty_web_bg.wasm:wasm-function[9299]:0x553080)
    at alacritty_web.wasm.console_error_panic_hook::hook::hbf6089b43d8ca122 (http://localhost:5191/pkg/alacritty_web_bg.wasm:wasm-function[35202]:0x77d7c2)
    at alacritty_web.wasm.core::ops::function::Fn::call::h3c2ec02ba796355b (http://localhost:5191/pkg/alacritty_web_bg.wasm:wasm-function[29299]:0x740a2f)
    at alacritty_web.wasm.std::panicking::panic_with_hook::h77afe0ddfda2cb89 (http://localhost:5191/pkg/alacritty_web_bg.wasm:wasm-function[9053]:0x546b3b)
    at alacritty_web.wasm.std::panicking::panic_handler::{{closure}}::hf36efc37fdd11196 (http://localhost:5191/pkg/alacritty_web_bg.wasm:wasm-function[15356]:0x63be06)

 @ http://localhost:5191/pkg/alacritty_web.js:1211
[    1012ms] RuntimeError: unreachable
    at alacritty_web.wasm.std::panicking::panic_with_hook::h77afe0ddfda2cb89 (http://localhost:5191/pkg/alacritty_web_bg.wasm:wasm-function[9053]:0x546b77)
    at alacritty_web.wasm.std::panicking::panic_handler::{{closure}}::hf36efc37fdd11196 (http://localhost:5191/pkg/alacritty_web_bg.wasm:wasm-function[15356]:0x63be06)
    at alacritty_web.wasm.std::sys::backtrace::__rust_end_short_backtrace::h46ab1174c51ef229 (http://localhost:5191/pkg/alacritty_web_bg.wasm:wasm-function[41448]:0x7a95f4)
    at alacritty_web.wasm.__rustc[16f1505adc47261a]::rust_begin_unwind (http://localhost:5191/pkg/alacritty_web_bg.wasm:wasm-function[30911]:0x752bf7)
    at alacritty_web.wasm.core::panicking::panic_nounwind_fmt::h3ba54741176bb0ae (http://localhost:5191/pkg/alacritty_web_bg.wasm:wasm-function[23357]:0x6ef46e)
    at alacritty_web.wasm.core::hint::assert_unchecked::precondition_check::he8984660a3da952f (http://localhost:5191/pkg/alacritty_web_bg.wasm:wasm-function[22299]:0x6dd668)
    at alacritty_web.wasm.alloc::rc::RcInnerPtr::inc_strong::hb7d73c069507134a (http://localhost:5191/pkg/alacritty_web_bg.wasm:wasm-function[12817]:0x5e7441)
    at alacritty_web.wasm.alloc::rc::Rc<T,A>::increment_strong_count_in::hb6cff90001f3157f (http://localhost:5191/pkg/alacritty_web_bg.wasm:wasm-function[20260]:0x6b74b2)
    at alacritty_web.wasm.alloc::rc::Rc<T>::increment_strong_count::hf82ed704c6da9dd3 (http://localhost:5191/pkg/alacritty_web_bg.wasm:wasm-function[35064]:0x77c401)
    at alacritty_web.wasm.<alacritty_web::AlacrittyTerminal as wasm_bindgen::convert::traits::RefFromWasmAbi>::ref_from_abi::hf6fb16a2640fa78c (http://localhost:5191/pkg/alacritty_web_bg.wasm:wasm-function[22894]:0x6e7b06)
[    1012ms] [ERROR] panicked at /home/me/.rustup/toolchains/stable-x86_64-unknown-linux-gnu/lib/rustlib/src/rust/library/alloc/src/rc.rs:3743:13:
unsafe precondition(s) violated: hint::assert_unchecked must never be called when the condition is false

This indicates a bug in the program. This Undefined Behavior check is optional, and cannot be relied on for safety.

Stack:

Error
    at http://localhost:5191/pkg/alacritty_web.js:1832:21
    at logError (http://localhost:5191/pkg/alacritty_web.js:35:18)
    at imports.wbg.__wbg_new_8a6f238a6ece86ea (http://localhost:5191/pkg/alacritty_web.js:1831:66)
    at alacritty_web.wasm.__wbg_new_8a6f238a6ece86ea externref shim (http://localhost:5191/pkg/alacritty_web_bg.wasm:wasm-function[40407]:0x7a6215)
    at alacritty_web.wasm.console_error_panic_hook::Error::new::h55584cf1bee91cdd (http://localhost:5191/pkg/alacritty_web_bg.wasm:wasm-function[21751]:0x6d3b72)
    at alacritty_web.wasm.console_error_panic_hook::hook_impl::he5dba8bd3a85a4bd (http://localhost:5191/pkg/alacritty_web_bg.wasm:wasm-function[9299]:0x553080)
    at alacritty_web.wasm.console_error_panic_hook::hook::hbf6089b43d8ca122 (http://localhost:5191/pkg/alacritty_web_bg.wasm:wasm-function[35202]:0x77d7c2)
    at alacritty_web.wasm.core::ops::function::Fn::call::h3c2ec02ba796355b (http://localhost:5191/pkg/alacritty_web_bg.wasm:wasm-function[29299]:0x740a2f)
    at alacritty_web.wasm.std::panicking::panic_with_hook::h77afe0ddfda2cb89 (http://localhost:5191/pkg/alacritty_web_bg.wasm:wasm-function[9053]:0x546b3b)
    at alacritty_web.wasm.std::panicking::panic_handler::{{closure}}::hf36efc37fdd11196 (http://localhost:5191/pkg/alacritty_web_bg.wasm:wasm-function[15356]:0x63be06)

 @ http://localhost:5191/pkg/alacritty_web.js:1211
[    1012ms] RuntimeError: unreachable
    at alacritty_web.wasm.std::panicking::panic_with_hook::h77afe0ddfda2cb89 (http://localhost:5191/pkg/alacritty_web_bg.wasm:wasm-function[9053]:0x546b77)
    at alacritty_web.wasm.std::panicking::panic_handler::{{closure}}::hf36efc37fdd11196 (http://localhost:5191/pkg/alacritty_web_bg.wasm:wasm-function[15356]:0x63be06)
    at alacritty_web.wasm.std::sys::backtrace::__rust_end_short_backtrace::h46ab1174c51ef229 (http://localhost:5191/pkg/alacritty_web_bg.wasm:wasm-function[41448]:0x7a95f4)
    at alacritty_web.wasm.__rustc[16f1505adc47261a]::rust_begin_unwind (http://localhost:5191/pkg/alacritty_web_bg.wasm:wasm-function[30911]:0x752bf7)
    at alacritty_web.wasm.core::panicking::panic_nounwind_fmt::h3ba54741176bb0ae (http://localhost:5191/pkg/alacritty_web_bg.wasm:wasm-function[23357]:0x6ef46e)
    at alacritty_web.wasm.core::hint::assert_unchecked::precondition_check::he8984660a3da952f (http://localhost:5191/pkg/alacritty_web_bg.wasm:wasm-function[22299]:0x6dd668)
    at alacritty_web.wasm.alloc::rc::RcInnerPtr::inc_strong::hb7d73c069507134a (http://localhost:5191/pkg/alacritty_web_bg.wasm:wasm-function[12817]:0x5e7441)
    at alacritty_web.wasm.alloc::rc::Rc<T,A>::increment_strong_count_in::hb6cff90001f3157f (http://localhost:5191/pkg/alacritty_web_bg.wasm:wasm-function[20260]:0x6b74b2)
    at alacritty_web.wasm.alloc::rc::Rc<T>::increment_strong_count::hf82ed704c6da9dd3 (http://localhost:5191/pkg/alacritty_web_bg.wasm:wasm-function[35064]:0x77c401)
    at alacritty_web.wasm.<alacritty_web::AlacrittyTerminal as wasm_bindgen::convert::traits::RefFromWasmAbi>::ref_from_abi::hf6fb16a2640fa78c (http://localhost:5191/pkg/alacritty_web_bg.wasm:wasm-function[22894]:0x6e7b06)
[    1016ms] [LOG] WebSocket connection opened @ :2
[    1493ms] [ERROR] panicked at /home/me/.rustup/toolchains/stable-x86_64-unknown-linux-gnu/lib/rustlib/src/rust/library/alloc/src/rc.rs:3743:13:
unsafe precondition(s) violated: hint::assert_unchecked must never be called when the condition is false

This indicates a bug in the program. This Undefined Behavior check is optional, and cannot be relied on for safety.

Stack:

Error
    at http://localhost:5191/pkg/alacritty_web.js:1832:21
    at logError (http://localhost:5191/pkg/alacritty_web.js:35:18)
    at imports.wbg.__wbg_new_8a6f238a6ece86ea (http://localhost:5191/pkg/alacritty_web.js:1831:66)
    at alacritty_web.wasm.__wbg_new_8a6f238a6ece86ea externref shim (http://localhost:5191/pkg/alacritty_web_bg.wasm:wasm-function[40407]:0x7a6215)
    at alacritty_web.wasm.console_error_panic_hook::Error::new::h55584cf1bee91cdd (http://localhost:5191/pkg/alacritty_web_bg.wasm:wasm-function[21751]:0x6d3b72)
    at alacritty_web.wasm.console_error_panic_hook::hook_impl::he5dba8bd3a85a4bd (http://localhost:5191/pkg/alacritty_web_bg.wasm:wasm-function[9299]:0x553080)
    at alacritty_web.wasm.console_error_panic_hook::hook::hbf6089b43d8ca122 (http://localhost:5191/pkg/alacritty_web_bg.wasm:wasm-function[35202]:0x77d7c2)
    at alacritty_web.wasm.core::ops::function::Fn::call::h3c2ec02ba796355b (http://localhost:5191/pkg/alacritty_web_bg.wasm:wasm-function[29299]:0x740a2f)
    at alacritty_web.wasm.std::panicking::panic_with_hook::h77afe0ddfda2cb89 (http://localhost:5191/pkg/alacritty_web_bg.wasm:wasm-function[9053]:0x546b3b)
    at alacritty_web.wasm.std::panicking::panic_handler::{{closure}}::hf36efc37fdd11196 (http://localhost:5191/pkg/alacritty_web_bg.wasm:wasm-function[15356]:0x63be06)

 @ http://localhost:5191/pkg/alacritty_web.js:1211
[    1493ms] RuntimeError: unreachable
    at alacritty_web.wasm.std::panicking::panic_with_hook::h77afe0ddfda2cb89 (http://localhost:5191/pkg/alacritty_web_bg.wasm:wasm-function[9053]:0x546b77)
    at alacritty_web.wasm.std::panicking::panic_handler::{{closure}}::hf36efc37fdd11196 (http://localhost:5191/pkg/alacritty_web_bg.wasm:wasm-function[15356]:0x63be06)
    at alacritty_web.wasm.std::sys::backtrace::__rust_end_short_backtrace::h46ab1174c51ef229 (http://localhost:5191/pkg/alacritty_web_bg.wasm:wasm-function[41448]:0x7a95f4)
    at alacritty_web.wasm.__rustc[16f1505adc47261a]::rust_begin_unwind (http://localhost:5191/pkg/alacritty_web_bg.wasm:wasm-function[30911]:0x752bf7)
    at alacritty_web.wasm.core::panicking::panic_nounwind_fmt::h3ba54741176bb0ae (http://localhost:5191/pkg/alacritty_web_bg.wasm:wasm-function[23357]:0x6ef46e)
    at alacritty_web.wasm.core::hint::assert_unchecked::precondition_check::he8984660a3da952f (http://localhost:5191/pkg/alacritty_web_bg.wasm:wasm-function[22299]:0x6dd668)
    at alacritty_web.wasm.alloc::rc::RcInnerPtr::inc_strong::hb7d73c069507134a (http://localhost:5191/pkg/alacritty_web_bg.wasm:wasm-function[12817]:0x5e7441)
    at alacritty_web.wasm.alloc::rc::Rc<T,A>::increment_strong_count_in::hb6cff90001f3157f (http://localhost:5191/pkg/alacritty_web_bg.wasm:wasm-function[20260]:0x6b74b2)
    at alacritty_web.wasm.alloc::rc::Rc<T>::increment_strong_count::hf82ed704c6da9dd3 (http://localhost:5191/pkg/alacritty_web_bg.wasm:wasm-function[35064]:0x77c401)
    at alacritty_web.wasm.<alacritty_web::AlacrittyTerminal as wasm_bindgen::convert::traits::RefFromWasmAbi>::ref_from_abi::hf6fb16a2640fa78c (http://localhost:5191/pkg/alacritty_web_bg.wasm:wasm-function[22894]:0x6e7b06)
[    1611ms] [INFO] Terminal title: me@centurion:~ @ http://localhost:5191/pkg/alacritty_web.js:1458
[    3249ms] [WARNING] [Contextify] [WARNING] running source code in new context @ https://vdi9g7cladzvvcrar1t4nj9na6x6u0-ruub.w-corp-staticblitz.com/blitz.4c73681d.js:18
[    3264ms] [ERROR] panicked at /home/me/.rustup/toolchains/stable-x86_64-unknown-linux-gnu/lib/rustlib/src/rust/library/alloc/src/rc.rs:3743:13:
unsafe precondition(s) violated: hint::assert_unchecked must never be called when the condition is false

This indicates a bug in the program. This Undefined Behavior check is optional, and cannot be relied on for safety.

Stack:

Error
    at http://localhost:5191/pkg/alacritty_web.js:1832:21
    at logError (http://localhost:5191/pkg/alacritty_web.js:35:18)
    at imports.wbg.__wbg_new_8a6f238a6ece86ea (http://localhost:5191/pkg/alacritty_web.js:1831:66)
    at alacritty_web.wasm.__wbg_new_8a6f238a6ece86ea externref shim (http://localhost:5191/pkg/alacritty_web_bg.wasm:wasm-function[40407]:0x7a6215)
    at alacritty_web.wasm.console_error_panic_hook::Error::new::h55584cf1bee91cdd (http://localhost:5191/pkg/alacritty_web_bg.wasm:wasm-function[21751]:0x6d3b72)
    at alacritty_web.wasm.console_error_panic_hook::hook_impl::he5dba8bd3a85a4bd (http://localhost:5191/pkg/alacritty_web_bg.wasm:wasm-function[9299]:0x553080)
    at alacritty_web.wasm.console_error_panic_hook::hook::hbf6089b43d8ca122 (http://localhost:5191/pkg/alacritty_web_bg.wasm:wasm-function[35202]:0x77d7c2)
    at alacritty_web.wasm.core::ops::function::Fn::call::h3c2ec02ba796355b (http://localhost:5191/pkg/alacritty_web_bg.wasm:wasm-function[29299]:0x740a2f)
    at alacritty_web.wasm.std::panicking::panic_with_hook::h77afe0ddfda2cb89 (http://localhost:5191/pkg/alacritty_web_bg.wasm:wasm-function[9053]:0x546b3b)
    at alacritty_web.wasm.std::panicking::panic_handler::{{closure}}::hf36efc37fdd11196 (http://localhost:5191/pkg/alacritty_web_bg.wasm:wasm-function[15356]:0x63be06)

 @ http://localhost:5191/pkg/alacritty_web.js:1211
[    3265ms] RuntimeError: unreachable
    at alacritty_web.wasm.std::panicking::panic_with_hook::h77afe0ddfda2cb89 (http://localhost:5191/pkg/alacritty_web_bg.wasm:wasm-function[9053]:0x546b77)
    at alacritty_web.wasm.std::panicking::panic_handler::{{closure}}::hf36efc37fdd11196 (http://localhost:5191/pkg/alacritty_web_bg.wasm:wasm-function[15356]:0x63be06)
    at alacritty_web.wasm.std::sys::backtrace::__rust_end_short_backtrace::h46ab1174c51ef229 (http://localhost:5191/pkg/alacritty_web_bg.wasm:wasm-function[41448]:0x7a95f4)
    at alacritty_web.wasm.__rustc[16f1505adc47261a]::rust_begin_unwind (http://localhost:5191/pkg/alacritty_web_bg.wasm:wasm-function[30911]:0x752bf7)
    at alacritty_web.wasm.core::panicking::panic_nounwind_fmt::h3ba54741176bb0ae (http://localhost:5191/pkg/alacritty_web_bg.wasm:wasm-function[23357]:0x6ef46e)
    at alacritty_web.wasm.core::hint::assert_unchecked::precondition_check::he8984660a3da952f (http://localhost:5191/pkg/alacritty_web_bg.wasm:wasm-function[22299]:0x6dd668)
    at alacritty_web.wasm.alloc::rc::RcInnerPtr::inc_strong::hb7d73c069507134a (http://localhost:5191/pkg/alacritty_web_bg.wasm:wasm-function[12817]:0x5e7441)
    at alacritty_web.wasm.alloc::rc::Rc<T,A>::increment_strong_count_in::hb6cff90001f3157f (http://localhost:5191/pkg/alacritty_web_bg.wasm:wasm-function[20260]:0x6b74b2)
    at alacritty_web.wasm.alloc::rc::Rc<T>::increment_strong_count::hf82ed704c6da9dd3 (http://localhost:5191/pkg/alacritty_web_bg.wasm:wasm-function[35064]:0x77c401)
    at alacritty_web.wasm.<alacritty_web::AlacrittyTerminal as wasm_bindgen::convert::traits::RefFromWasmAbi>::ref_from_abi::hf6fb16a2640fa78c (http://localhost:5191/pkg/alacritty_web_bg.wasm:wasm-function[22894]:0x6e7b06)
[    4745ms] [WARNING] The resource https://w-corp-staticblitz.com/fetch.worker.4c73681d.js was preloaded using link preload but not used within a few seconds from the window's load event. Please make sure it has an appropriate `as` value and it is preloaded intentionally. @ https://stackblitz.com/headless?version=1.6.1:0
[   30813ms] [ERROR] panicked at /rust/deps/dlmalloc-0.2.11/src/dlmalloc.rs:1201:9:
assertion failed: psize >= size + min_overhead

Stack:

Error
    at http://localhost:5191/pkg/alacritty_web.js:1832:21
    at logError (http://localhost:5191/pkg/alacritty_web.js:35:18)
    at imports.wbg.__wbg_new_8a6f238a6ece86ea (http://localhost:5191/pkg/alacritty_web.js:1831:66)
    at alacritty_web.wasm.__wbg_new_8a6f238a6ece86ea externref shim (http://localhost:5191/pkg/alacritty_web_bg.wasm:wasm-function[40407]:0x7a6215)
    at alacritty_web.wasm.console_error_panic_hook::Error::new::h55584cf1bee91cdd (http://localhost:5191/pkg/alacritty_web_bg.wasm:wasm-function[21751]:0x6d3b72)
    at alacritty_web.wasm.console_error_panic_hook::hook_impl::he5dba8bd3a85a4bd (http://localhost:5191/pkg/alacritty_web_bg.wasm:wasm-function[9299]:0x553080)
    at alacritty_web.wasm.console_error_panic_hook::hook::hbf6089b43d8ca122 (http://localhost:5191/pkg/alacritty_web_bg.wasm:wasm-function[35202]:0x77d7c2)
    at alacritty_web.wasm.core::ops::function::Fn::call::h3c2ec02ba796355b (http://localhost:5191/pkg/alacritty_web_bg.wasm:wasm-function[29299]:0x740a2f)
    at alacritty_web.wasm.std::panicking::panic_with_hook::h77afe0ddfda2cb89 (http://localhost:5191/pkg/alacritty_web_bg.wasm:wasm-function[9053]:0x546b3b)
    at alacritty_web.wasm.std::panicking::panic_handler::{{closure}}::hf36efc37fdd11196 (http://localhost:5191/pkg/alacritty_web_bg.wasm:wasm-function[15356]:0x63be06)

 @ http://localhost:5191/pkg/alacritty_web.js:1211
[   30814ms] RuntimeError: unreachable
    at alacritty_web.wasm.__rustc[16f1505adc47261a]::__rust_abort (http://localhost:5191/pkg/alacritty_web_bg.wasm:wasm-function[41783]:0x7a9ff2)
    at alacritty_web.wasm.__rustc[16f1505adc47261a]::__rust_start_panic (http://localhost:5191/pkg/alacritty_web_bg.wasm:wasm-function[41748]:0x7a9f1a)
    at alacritty_web.wasm.__rustc[16f1505adc47261a]::rust_panic (http://localhost:5191/pkg/alacritty_web_bg.wasm:wasm-function[40570]:0x7a6c60)
    at alacritty_web.wasm.std::panicking::panic_with_hook::h77afe0ddfda2cb89 (http://localhost:5191/pkg/alacritty_web_bg.wasm:wasm-function[9053]:0x546b71)
    at alacritty_web.wasm.std::panicking::panic_handler::{{closure}}::hf36efc37fdd11196 (http://localhost:5191/pkg/alacritty_web_bg.wasm:wasm-function[15356]:0x63be06)
    at alacritty_web.wasm.std::sys::backtrace::__rust_end_short_backtrace::h46ab1174c51ef229 (http://localhost:5191/pkg/alacritty_web_bg.wasm:wasm-function[41448]:0x7a95f4)
    at alacritty_web.wasm.__rustc[16f1505adc47261a]::rust_begin_unwind (http://localhost:5191/pkg/alacritty_web_bg.wasm:wasm-function[30911]:0x752bf7)
    at alacritty_web.wasm.core::panicking::panic_fmt::h6651313c3e2c6c2f (http://localhost:5191/pkg/alacritty_web_bg.wasm:wasm-function[24910]:0x7077f9)
    at alacritty_web.wasm.core::panicking::panic::h0149fc8f1656305a (http://localhost:5191/pkg/alacritty_web_bg.wasm:wasm-function[40089]:0x7a4895)
    at alacritty_web.wasm.__rustc[16f1505adc47261a]::__rdl_dealloc (http://localhost:5191/pkg/alacritty_web_bg.wasm:wasm-function[18303]:0x68c811)
[   30814ms] [ERROR] panicked at /rust/deps/dlmalloc-0.2.11/src/dlmalloc.rs:1201:9:
assertion failed: psize >= size + min_overhead

Stack:

Error
    at http://localhost:5191/pkg/alacritty_web.js:1832:21
    at logError (http://localhost:5191/pkg/alacritty_web.js:35:18)
    at imports.wbg.__wbg_new_8a6f238a6ece86ea (http://localhost:5191/pkg/alacritty_web.js:1831:66)
    at alacritty_web.wasm.__wbg_new_8a6f238a6ece86ea externref shim (http://localhost:5191/pkg/alacritty_web_bg.wasm:wasm-function[40407]:0x7a6215)
    at alacritty_web.wasm.console_error_panic_hook::Error::new::h55584cf1bee91cdd (http://localhost:5191/pkg/alacritty_web_bg.wasm:wasm-function[21751]:0x6d3b72)
    at alacritty_web.wasm.console_error_panic_hook::hook_impl::he5dba8bd3a85a4bd (http://localhost:5191/pkg/alacritty_web_bg.wasm:wasm-function[9299]:0x553080)
    at alacritty_web.wasm.console_error_panic_hook::hook::hbf6089b43d8ca122 (http://localhost:5191/pkg/alacritty_web_bg.wasm:wasm-function[35202]:0x77d7c2)
    at alacritty_web.wasm.core::ops::function::Fn::call::h3c2ec02ba796355b (http://localhost:5191/pkg/alacritty_web_bg.wasm:wasm-function[29299]:0x740a2f)
    at alacritty_web.wasm.std::panicking::panic_with_hook::h77afe0ddfda2cb89 (http://localhost:5191/pkg/alacritty_web_bg.wasm:wasm-function[9053]:0x546b3b)
    at alacritty_web.wasm.std::panicking::panic_handler::{{closure}}::hf36efc37fdd11196 (http://localhost:5191/pkg/alacritty_web_bg.wasm:wasm-function[15356]:0x63be06)

 @ http://localhost:5191/pkg/alacritty_web.js:1211
[   30814ms] RuntimeError: unreachable
    at alacritty_web.wasm.__rustc[16f1505adc47261a]::__rust_abort (http://localhost:5191/pkg/alacritty_web_bg.wasm:wasm-function[41783]:0x7a9ff2)
    at alacritty_web.wasm.__rustc[16f1505adc47261a]::__rust_start_panic (http://localhost:5191/pkg/alacritty_web_bg.wasm:wasm-function[41748]:0x7a9f1a)
    at alacritty_web.wasm.__rustc[16f1505adc47261a]::rust_panic (http://localhost:5191/pkg/alacritty_web_bg.wasm:wasm-function[40570]:0x7a6c60)
    at alacritty_web.wasm.std::panicking::panic_with_hook::h77afe0ddfda2cb89 (http://localhost:5191/pkg/alacritty_web_bg.wasm:wasm-function[9053]:0x546b71)
    at alacritty_web.wasm.std::panicking::panic_handler::{{closure}}::hf36efc37fdd11196 (http://localhost:5191/pkg/alacritty_web_bg.wasm:wasm-function[15356]:0x63be06)
    at alacritty_web.wasm.std::sys::backtrace::__rust_end_short_backtrace::h46ab1174c51ef229 (http://localhost:5191/pkg/alacritty_web_bg.wasm:wasm-function[41448]:0x7a95f4)
    at alacritty_web.wasm.__rustc[16f1505adc47261a]::rust_begin_unwind (http://localhost:5191/pkg/alacritty_web_bg.wasm:wasm-function[30911]:0x752bf7)
    at alacritty_web.wasm.core::panicking::panic_fmt::h6651313c3e2c6c2f (http://localhost:5191/pkg/alacritty_web_bg.wasm:wasm-function[24910]:0x7077f9)
    at alacritty_web.wasm.core::panicking::panic::h0149fc8f1656305a (http://localhost:5191/pkg/alacritty_web_bg.wasm:wasm-function[40089]:0x7a4895)
    at alacritty_web.wasm.__rustc[16f1505adc47261a]::__rdl_dealloc (http://localhost:5191/pkg/alacritty_web_bg.wasm:wasm-function[18303]:0x68c811)
[   45277ms] [INFO] Initializing AlacrittyTerminal @ http://localhost:5191/pkg/alacritty_web.js:1458
[   45279ms] [INFO] Canvas2D renderer[1]: cell=8x17, dpr=1, canvas=874x437 @ http://localhost:5191/pkg/alacritty_web.js:1458
[   45279ms] [INFO] Initial grid: 109x25 @ http://localhost:5191/pkg/alacritty_web.js:1458
[   45280ms] [INFO] wgpu upgrade not requested, using Canvas 2D @ http://localhost:5191/pkg/alacritty_web.js:1458
[   45280ms] [LOG] [DBG] created AlacrittyTerminal for: Demo Terminal @ http://localhost:5191/src/lib/components/AlacrittyTerminal.svelte?t=1776977952282:109
[   45280ms] [LOG] [DBG] startReplay called for: Demo Terminal @ http://localhost:5191/src/routes/+page.svelte?t=1776977695383:66
[   45280ms] [INFO] Initializing AlacrittyTerminal @ http://localhost:5191/pkg/alacritty_web.js:1458
[   45281ms] [INFO] Canvas2D renderer[2]: cell=8x17, dpr=1, canvas=874x437 @ http://localhost:5191/pkg/alacritty_web.js:1458
[   45281ms] [INFO] Initial grid: 109x25 @ http://localhost:5191/pkg/alacritty_web.js:1458
[   45282ms] [INFO] wgpu upgrade not requested, using Canvas 2D @ http://localhost:5191/pkg/alacritty_web.js:1458
[   45282ms] [LOG] [DBG] created AlacrittyTerminal for: WebSocket Terminal @ http://localhost:5191/src/lib/components/AlacrittyTerminal.svelte?t=1776977952282:109
[   45282ms] [INFO] Initializing AlacrittyTerminal @ http://localhost:5191/pkg/alacritty_web.js:1458
[   45284ms] [INFO] Canvas2D renderer[3]: cell=8x17, dpr=1, canvas=874x437 @ http://localhost:5191/pkg/alacritty_web.js:1458
[   45287ms] [INFO] Initial grid: 109x25 @ http://localhost:5191/pkg/alacritty_web.js:1458
[   45288ms] [INFO] wgpu upgrade not requested, using Canvas 2D @ http://localhost:5191/pkg/alacritty_web.js:1458
[   45288ms] [LOG] [DBG] created AlacrittyTerminal for: WebContainer Terminal @ http://localhost:5191/src/lib/components/AlacrittyTerminal.svelte?t=1776977952282:109
[   45289ms] [LOG] [DBG] initWebContainer for: WebContainer Terminal @ http://localhost:5191/src/routes/+page.svelte?t=1776977695383:92
[   45289ms] [LOG] WebSocket connection opened @ :2
[   45289ms] [ERROR] WebContainer init failed: Error: Only a single WebContainer instance can be booted
    at _WebContainer.boot (http://localhost:5191/node_modules/.vite/deps/@webcontainer_api.js?v=2a34702f:1075:13)
    at async Module.track_reactivity_loss (http://localhost:5191/node_modules/.vite/deps/chunk-OHEKCY32.js?v=2ec57346:1675:15)
    at async initWebContainer (http://localhost:5191/src/routes/+page.svelte?t=1776977695383:99:16) @ http://localhost:5191/src/routes/+page.svelte?t=1776977695383:152
[   45974ms] [INFO] Terminal title: me@centurion:~ @ http://localhost:5191/pkg/alacritty_web.js:1458
