[      89ms] [ERROR] WebSocket connection to 'ws://localhost:7681/' failed: Error during WebSocket handshake: net::ERR_CONNECTION_RESET @ http://localhost:5173/pkg/alacritty_web.js:542
[    1172ms] [WARNING] [Contextify] [WARNING] running source code in new context @ https://k03e2io1v3fx9wvj0vr8qd5q58o56n-fkdo.w-corp-staticblitz.com/blitz.3b7d1e54.js:18
[    3393ms] [WARNING] The resource https://w-corp-staticblitz.com/fetch.worker.3b7d1e54.js was preloaded using link preload but not used within a few seconds from the window's load event. Please make sure it has an appropriate `as` value and it is preloaded intentionally. @ https://stackblitz.com/headless?version=1.6.1:0
[   30116ms] RuntimeError: table index is out of bounds
    at http://localhost:5173/pkg/alacritty_web_bg.wasm:wasm-function[363]:0x37f50
    at http://localhost:5173/pkg/alacritty_web_bg.wasm:wasm-function[94]:0x2207b
    at http://localhost:5173/pkg/alacritty_web_bg.wasm:wasm-function[411]:0x3a679
    at __wbg_adapter_6 (http://localhost:5173/pkg/alacritty_web.js:232:10)
    at real (http://localhost:5173/pkg/alacritty_web.js:204:20)
[   30116ms] RuntimeError: table index is out of bounds
    at http://localhost:5173/pkg/alacritty_web_bg.wasm:wasm-function[363]:0x37f50
    at http://localhost:5173/pkg/alacritty_web_bg.wasm:wasm-function[94]:0x2207b
    at http://localhost:5173/pkg/alacritty_web_bg.wasm:wasm-function[411]:0x3a679
    at __wbg_adapter_6 (http://localhost:5173/pkg/alacritty_web.js:232:10)
    at real (http://localhost:5173/pkg/alacritty_web.js:204:20)
[   30116ms] RuntimeError: table index is out of bounds
    at http://localhost:5173/pkg/alacritty_web_bg.wasm:wasm-function[363]:0x37f50
    at http://localhost:5173/pkg/alacritty_web_bg.wasm:wasm-function[94]:0x2207b
    at http://localhost:5173/pkg/alacritty_web_bg.wasm:wasm-function[411]:0x3a679
    at __wbg_adapter_6 (http://localhost:5173/pkg/alacritty_web.js:232:10)
    at real (http://localhost:5173/pkg/alacritty_web.js:204:20)
